OK|/mnt/verde/cfdna/estudos/jiang2015_hcc_wgs/liver_cancer/EE85789.hg38.frag.tsv.bgz|250057800|5332768
OK|/mnt/verde/cfdna/estudos/jiang2015_hcc_wgs/liver_cancer/EE85772.hg38.frag.tsv.bgz|218030993|4784529
OK|/mnt/verde/cfdna/estudos/jiang2015_hcc_wgs/liver_cancer/EE85858.hg38.frag.tsv.bgz|173744534|3375846
OK|/mnt/verde/cfdna/estudos/jiang2015_hcc_wgs/liver_cancer/EE85798.hg38.frag.tsv.bgz|255392006|6358263
OK|/mnt/verde/cfdna/estudos/jiang2015_hcc_wgs/liver_cancer/EE85846.hg38.frag.tsv.bgz|202292889|4274488
OK|/mnt/verde/cfdna/estudos/jiang2015_hcc_wgs/liver_cancer/EE85978.hg38.frag.tsv.bgz|298816076|7249980
OK|/mnt/verde/cfdna/estudos/jiang2015_hcc_wgs/liver_cancer/EE85974.hg38.frag.tsv.bgz|237094443|5990664
OK|/mnt/verde/cfdna/estudos/jiang2015_hcc_wgs/liver_cancer/EE85759.hg38.frag.tsv.bgz|249535961|5658918
OK|/mnt/verde/cfdna/estudos/jiang2015_hcc_wgs/liver_cancer/EE85962.hg38.frag.tsv.bgz|300951883|7534450
OK|/mnt/verde/cfdna/estudos/jiang2015_hcc_wgs/liver_cancer/EE85938.hg38.frag.tsv.bgz|166357968|3568261
OK|/mnt/verde/cfdna/estudos/jiang2015_hcc_wgs/liver_cancer/EE85835.hg38.frag.tsv.bgz|212421417|4391172
OK|/mnt/verde/cfdna/estudos/jiang2015_hcc_wgs/liver_cancer/EE85943.hg38.frag.tsv.bgz|272947283|6168159
OK|/mnt/verde/cfdna/estudos/jiang2015_hcc_wgs/liver_cancer/EE85805.hg38.frag.tsv.bgz|290478329|6454535
OK|/mnt/verde/cfdna/estudos/jiang2015_hcc_wgs/liver_cancer/EE85953.hg38.frag.tsv.bgz|346495154|7861069
OK|/mnt/verde/cfdna/estudos/jiang2015_hcc_wgs/liver_cancer/EE85827.hg38.frag.tsv.bgz|237523624|5305050
OK|/mnt/verde/cfdna/estudos/jiang2015_hcc_wgs/liver_cancer/EE85774.hg38.frag.tsv.bgz|193427172|4062241
OK|/mnt/verde/cfdna/estudos/jiang2015_hcc_wgs/liver_cancer/EE85969.hg38.frag.tsv.bgz|251017761|5052950
OK|/mnt/verde/cfdna/estudos/jiang2015_hcc_wgs/liver_cancer/EE85973.hg38.frag.tsv.bgz|213357648|4713780
OK|/mnt/verde/cfdna/estudos/jiang2015_hcc_wgs/liver_cancer/EE85893.hg38.frag.tsv.bgz|184641394|3481915
OK|/mnt/verde/cfdna/estudos/jiang2015_hcc_wgs/liver_cancer/EE85807.hg38.frag.tsv.bgz|237568041|5684769
OK|/mnt/verde/cfdna/estudos/jiang2015_hcc_wgs/liver_cancer/EE85997.hg38.frag.tsv.bgz|270081895|6068528
OK|/mnt/verde/cfdna/estudos/jiang2015_hcc_wgs/liver_cancer/EE85991.hg38.frag.tsv.bgz|204079866|4755426
OK|/mnt/verde/cfdna/estudos/jiang2015_hcc_wgs/liver_cancer/EE85802.hg38.frag.tsv.bgz|146370429|3390877
OK|/mnt/verde/cfdna/estudos/jiang2015_hcc_wgs/liver_cancer/EE85872.hg38.frag.tsv.bgz|249476030|5493463
OK|/mnt/verde/cfdna/estudos/jiang2015_hcc_wgs/liver_cancer/EE85769.hg38.frag.tsv.bgz|260785197|5308945
OK|/mnt/verde/cfdna/estudos/jiang2015_hcc_wgs/liver_cancer/EE85891.hg38.frag.tsv.bgz|206250448|5115340
OK|/mnt/verde/cfdna/estudos/jiang2015_hcc_wgs/liver_cancer/EE85843.hg38.frag.tsv.bgz|220126089|5404539
OK|/mnt/verde/cfdna/estudos/jiang2015_hcc_wgs/liver_cancer/EE85794.hg38.frag.tsv.bgz|303119316|7102336
OK|/mnt/verde/cfdna/estudos/jiang2015_hcc_wgs/liver_cancer/EE85901.hg38.frag.tsv.bgz|216234370|4534391
OK|/mnt/verde/cfdna/estudos/jiang2015_hcc_wgs/liver_cancer/EE85939.hg38.frag.tsv.bgz|284217500|6425770
OK|/mnt/verde/cfdna/estudos/jiang2015_hcc_wgs/liver_cancer/EE85863.hg38.frag.tsv.bgz|146361759|3192878
OK|/mnt/verde/cfdna/estudos/jiang2015_hcc_wgs/liver_cancer/EE85935.hg38.frag.tsv.bgz|183980824|4283358
OK|/mnt/verde/cfdna/estudos/jiang2015_hcc_wgs/liver_cancer/EE85821.hg38.frag.tsv.bgz|250466530|5933749
OK|/mnt/verde/cfdna/estudos/jiang2015_hcc_wgs/liver_cancer/EE85862.hg38.frag.tsv.bgz|263847451|6275458
OK|/mnt/verde/cfdna/estudos/jiang2015_hcc_wgs/liver_cancer/EE85911.hg38.frag.tsv.bgz|195770510|4277384
OK|/mnt/verde/cfdna/estudos/jiang2015_hcc_wgs/liver_cancer/EE85880.hg38.frag.tsv.bgz|257188206|5707770
OK|/mnt/verde/cfdna/estudos/jiang2015_hcc_wgs/liver_cancer/EE85883.hg38.frag.tsv.bgz|338077950|6615133
OK|/mnt/verde/cfdna/estudos/jiang2015_hcc_wgs/liver_cancer/EE85799.hg38.frag.tsv.bgz|319477567|7247764
OK|/mnt/verde/cfdna/estudos/jiang2015_hcc_wgs/liver_cancer/EE85831.hg38.frag.tsv.bgz|183537787|4305206
OK|/mnt/verde/cfdna/estudos/jiang2015_hcc_wgs/liver_cancer/EE85813.hg38.frag.tsv.bgz|499768762|11525626
OK|/mnt/verde/cfdna/estudos/jiang2015_hcc_wgs/liver_cancer/EE85793.hg38.frag.tsv.bgz|182969479|4400219
OK|/mnt/verde/cfdna/estudos/jiang2015_hcc_wgs/liver_cancer/EE85921.hg38.frag.tsv.bgz|236969621|5576587
OK|/mnt/verde/cfdna/estudos/jiang2015_hcc_wgs/liver_cancer/EE85947.hg38.frag.tsv.bgz|259021056|6042978
OK|/mnt/verde/cfdna/estudos/jiang2015_hcc_wgs/liver_cancer/EE85881.hg38.frag.tsv.bgz|303958148|7539991
OK|/mnt/verde/cfdna/estudos/jiang2015_hcc_wgs/liver_cancer/EE85946.hg38.frag.tsv.bgz|279434857|6489843
OK|/mnt/verde/cfdna/estudos/jiang2015_hcc_wgs/liver_cancer/EE85983.hg38.frag.tsv.bgz|265574069|6277009
OK|/mnt/verde/cfdna/estudos/jiang2015_hcc_wgs/liver_cancer/EE85773.hg38.frag.tsv.bgz|288747107|7444103
OK|/mnt/verde/cfdna/estudos/jiang2015_hcc_wgs/liver_cancer/EE85992.hg38.frag.tsv.bgz|188723675|4273803
OK|/mnt/verde/cfdna/estudos/jiang2015_hcc_wgs/liver_cancer/EE85849.hg38.frag.tsv.bgz|188769910|3856860
OK|/mnt/verde/cfdna/estudos/jiang2015_hcc_wgs/liver_cancer/EE85870.hg38.frag.tsv.bgz|276731960|7671453
OK|/mnt/verde/cfdna/estudos/jiang2015_hcc_wgs/liver_cancer/EE85990.hg38.frag.tsv.bgz|211553271|4279567
OK|/mnt/verde/cfdna/estudos/jiang2015_hcc_wgs/liver_cancer/EE85781.hg38.frag.tsv.bgz|225263328|5454526
OK|/mnt/verde/cfdna/estudos/jiang2015_hcc_wgs/liver_cancer/EE85851.hg38.frag.tsv.bgz|296645689|7220415
OK|/mnt/verde/cfdna/estudos/jiang2015_hcc_wgs/liver_cancer/EE85869.hg38.frag.tsv.bgz|215255949|5389104
OK|/mnt/verde/cfdna/estudos/jiang2015_hcc_wgs/liver_cancer/EE85949.hg38.frag.tsv.bgz|301448472|6092587
OK|/mnt/verde/cfdna/estudos/jiang2015_hcc_wgs/liver_cancer/EE85823.hg38.frag.tsv.bgz|199419405|4722211
OK|/mnt/verde/cfdna/estudos/jiang2015_hcc_wgs/liver_cancer/EE85777.hg38.frag.tsv.bgz|257169381|5473639
OK|/mnt/verde/cfdna/estudos/jiang2015_hcc_wgs/liver_cancer/EE85845.hg38.frag.tsv.bgz|186131146|4387311
OK|/mnt/verde/cfdna/estudos/jiang2015_hcc_wgs/liver_cancer/EE85964.hg38.frag.tsv.bgz|285504164|6355552
OK|/mnt/verde/cfdna/estudos/jiang2015_hcc_wgs/liver_cancer/EE85847.hg38.frag.tsv.bgz|206941838|4691100
OK|/mnt/verde/cfdna/estudos/jiang2015_hcc_wgs/liver_cancer/EE86002.hg38.frag.tsv.bgz|202689352|4517791
OK|/mnt/verde/cfdna/estudos/jiang2015_hcc_wgs/liver_cancer/EE85961.hg38.frag.tsv.bgz|261349346|6290994
OK|/mnt/verde/cfdna/estudos/jiang2015_hcc_wgs/liver_cancer/EE85885.hg38.frag.tsv.bgz|245594788|5871609
OK|/mnt/verde/cfdna/estudos/jiang2015_hcc_wgs/liver_cancer/EE85888.hg38.frag.tsv.bgz|237696491|5754788
OK|/mnt/verde/cfdna/estudos/jiang2015_hcc_wgs/liver_cancer/EE85790.hg38.frag.tsv.bgz|226853897|4613763
OK|/mnt/verde/cfdna/estudos/jiang2015_hcc_wgs/liver_cancer/EE85927.hg38.frag.tsv.bgz|307561623|6822994
OK|/mnt/verde/cfdna/estudos/jiang2015_hcc_wgs/liver_cancer/EE85832.hg38.frag.tsv.bgz|253125934|6294076
OK|/mnt/verde/cfdna/estudos/jiang2015_hcc_wgs/liver_cancer/EE85765.hg38.frag.tsv.bgz|214756839|4960369
OK|/mnt/verde/cfdna/estudos/jiang2015_hcc_wgs/liver_cancer/EE85814.hg38.frag.tsv.bgz|289174189|6930207
OK|/mnt/verde/cfdna/estudos/jiang2015_hcc_wgs/liver_cancer/EE85810.hg38.frag.tsv.bgz|189912543|4055559
OK|/mnt/verde/cfdna/estudos/jiang2015_hcc_wgs/liver_cancer/EE85892.hg38.frag.tsv.bgz|283514914|6135191
OK|/mnt/verde/cfdna/estudos/jiang2015_hcc_wgs/liver_cancer/EE85899.hg38.frag.tsv.bgz|271406358|6966661
OK|/mnt/verde/cfdna/estudos/jiang2015_hcc_wgs/liver_cancer/EE85907.hg38.frag.tsv.bgz|200577440|4776648
OK|/mnt/verde/cfdna/estudos/jiang2015_hcc_wgs/liver_cancer/EE85965.hg38.frag.tsv.bgz|289372354|6881481
OK|/mnt/verde/cfdna/estudos/jiang2015_hcc_wgs/liver_cancer/EE85968.hg38.frag.tsv.bgz|212403052|4879003
OK|/mnt/verde/cfdna/estudos/jiang2015_hcc_wgs/liver_cancer/EE85839.hg38.frag.tsv.bgz|273857910|6584580
OK|/mnt/verde/cfdna/estudos/jiang2015_hcc_wgs/liver_cancer/EE85864.hg38.frag.tsv.bgz|213283491|5052915
OK|/mnt/verde/cfdna/estudos/jiang2015_hcc_wgs/liver_cancer/EE85916.hg38.frag.tsv.bgz|195318561|4252182
OK|/mnt/verde/cfdna/estudos/jiang2015_hcc_wgs/liver_cancer/EE85982.hg38.frag.tsv.bgz|188018447|5175916
OK|/mnt/verde/cfdna/estudos/jiang2015_hcc_wgs/liver_cancer/EE85856.hg38.frag.tsv.bgz|239240626|6034570
OK|/mnt/verde/cfdna/estudos/jiang2015_hcc_wgs/liver_cancer/EE85788.hg38.frag.tsv.bgz|170034478|3976544
OK|/mnt/verde/cfdna/estudos/jiang2015_hcc_wgs/liver_cancer/EE85900.hg38.frag.tsv.bgz|200772563|5000633
OK|/mnt/verde/cfdna/estudos/jiang2015_hcc_wgs/liver_cancer/EE86000.hg38.frag.tsv.bgz|303281429|7131923
OK|/mnt/verde/cfdna/estudos/jiang2015_hcc_wgs/liver_cancer/EE85786.hg38.frag.tsv.bgz|290617832|7211245
OK|/mnt/verde/cfdna/estudos/jiang2015_hcc_wgs/liver_cancer/EE85761.hg38.frag.tsv.bgz|217602848|5236805
OK|/mnt/verde/cfdna/estudos/jiang2015_hcc_wgs/liver_cancer/EE85857.hg38.frag.tsv.bgz|196216773|3783354
OK|/mnt/verde/cfdna/estudos/jiang2015_hcc_wgs/liver_cancer/EE85867.hg38.frag.tsv.bgz|247654392|5229119
OK|/mnt/verde/cfdna/estudos/jiang2015_hcc_wgs/liver_cancer/EE85925.hg38.frag.tsv.bgz|239353327|5221235
OK|/mnt/verde/cfdna/estudos/jiang2015_hcc_wgs/liver_cancer/EE85785.hg38.frag.tsv.bgz|227232398|5005390
OK|/mnt/verde/cfdna/estudos/jiang2015_hcc_wgs/liver_cancer/EE85903.hg38.frag.tsv.bgz|248264384|5772671
OK|/mnt/verde/cfdna/estudos/jiang2015_hcc_wgs/healthy/EE85928.hg38.frag.tsv.bgz|263153385|6202998
OK|/mnt/verde/cfdna/estudos/jiang2015_hcc_wgs/healthy/EE85830.hg38.frag.tsv.bgz|210850873|4717870
OK|/mnt/verde/cfdna/estudos/jiang2015_hcc_wgs/healthy/EE85791.hg38.frag.tsv.bgz|197077391|4382973
OK|/mnt/verde/cfdna/estudos/jiang2015_hcc_wgs/healthy/EE85784.hg38.frag.tsv.bgz|244685724|5656396
OK|/mnt/verde/cfdna/estudos/jiang2015_hcc_wgs/healthy/EE85987.hg38.frag.tsv.bgz|303563347|6778931
FALHA_RECORTE|/mnt/verde/cfdna/estudos/jiang2015_hcc_wgs/healthy/EE85937.hg38.frag.tsv.bgz|0|0
OK|/mnt/verde/cfdna/estudos/jiang2015_hcc_wgs/healthy/EE85770.hg38.frag.tsv.bgz|268146784|6013612
OK|/mnt/verde/cfdna/estudos/jiang2015_hcc_wgs/healthy/EE85854.hg38.frag.tsv.bgz|249026140|5692979
OK|/mnt/verde/cfdna/estudos/jiang2015_hcc_wgs/healthy/EE85842.hg38.frag.tsv.bgz|240110633|5752029
OK|/mnt/verde/cfdna/estudos/jiang2015_hcc_wgs/healthy/EE85795.hg38.frag.tsv.bgz|196798093|4742165
OK|/mnt/verde/cfdna/estudos/jiang2015_hcc_wgs/healthy/EE85918.hg38.frag.tsv.bgz|210518800|4770665
OK|/mnt/verde/cfdna/estudos/jiang2015_hcc_wgs/healthy/EE85757.hg38.frag.tsv.bgz|203890417|4779374
OK|/mnt/verde/cfdna/estudos/jiang2015_hcc_wgs/healthy/EE85959.hg38.frag.tsv.bgz|193140391|4504131
OK|/mnt/verde/cfdna/estudos/jiang2015_hcc_wgs/healthy/EE85941.hg38.frag.tsv.bgz|251956189|5831744
OK|/mnt/verde/cfdna/estudos/jiang2015_hcc_wgs/healthy/EE85963.hg38.frag.tsv.bgz|286508122|6464601
OK|/mnt/verde/cfdna/estudos/jiang2015_hcc_wgs/healthy/EE85970.hg38.frag.tsv.bgz|202863061|4674198
OK|/mnt/verde/cfdna/estudos/jiang2015_hcc_wgs/healthy/EE85878.hg38.frag.tsv.bgz|189865858|4309916
OK|/mnt/verde/cfdna/estudos/jiang2015_hcc_wgs/healthy/EE85904.hg38.frag.tsv.bgz|298974591|6721289
OK|/mnt/verde/cfdna/estudos/jiang2015_hcc_wgs/healthy/EE85861.hg38.frag.tsv.bgz|258911630|5888305
OK|/mnt/verde/cfdna/estudos/jiang2015_hcc_wgs/healthy/EE85860.hg38.frag.tsv.bgz|315249445|7104068
OK|/mnt/verde/cfdna/estudos/jiang2015_hcc_wgs/healthy/EE85905.hg38.frag.tsv.bgz|271088223|6406384
OK|/mnt/verde/cfdna/estudos/jiang2015_hcc_wgs/healthy/EE85816.hg38.frag.tsv.bgz|288362693|6375774
OK|/mnt/verde/cfdna/estudos/jiang2015_hcc_wgs/healthy/EE85908.hg38.frag.tsv.bgz|186506294|4244890
OK|/mnt/verde/cfdna/estudos/jiang2015_hcc_wgs/healthy/EE85988.hg38.frag.tsv.bgz|240874616|5395785
OK|/mnt/verde/cfdna/estudos/jiang2015_hcc_wgs/healthy/EE85985.hg38.frag.tsv.bgz|308921084|6971430
OK|/mnt/verde/cfdna/estudos/jiang2015_hcc_wgs/healthy/EE85971.hg38.frag.tsv.bgz|294035454|6732818
OK|/mnt/verde/cfdna/estudos/jiang2015_hcc_wgs/healthy/EE85775.hg38.frag.tsv.bgz|207372286|4604692
OK|/mnt/verde/cfdna/estudos/jiang2015_hcc_wgs/healthy/EE85787.hg38.frag.tsv.bgz|311692079|7068621
OK|/mnt/verde/cfdna/estudos/jiang2015_hcc_wgs/healthy/EE85980.hg38.frag.tsv.bgz|188334482|4324151
OK|/mnt/verde/cfdna/estudos/jiang2015_hcc_wgs/healthy/EE85936.hg38.frag.tsv.bgz|228114114|5272489
OK|/mnt/verde/cfdna/estudos/jiang2015_hcc_wgs/healthy/EE85756.hg38.frag.tsv.bgz|271228943|5995169
OK|/mnt/verde/cfdna/estudos/jiang2015_hcc_wgs/healthy/EE85898.hg38.frag.tsv.bgz|191113635|4409461
OK|/mnt/verde/cfdna/estudos/jiang2015_hcc_wgs/cirrhosis/EE85829.hg38.frag.tsv.bgz|194757592|4457923
OK|/mnt/verde/cfdna/estudos/jiang2015_hcc_wgs/cirrhosis/EE85932.hg38.frag.tsv.bgz|317024017|7786360
OK|/mnt/verde/cfdna/estudos/jiang2015_hcc_wgs/cirrhosis/EE85848.hg38.frag.tsv.bgz|166704819|3820164
OK|/mnt/verde/cfdna/estudos/jiang2015_hcc_wgs/cirrhosis/EE85806.hg38.frag.tsv.bgz|237374198|5780564
OK|/mnt/verde/cfdna/estudos/jiang2015_hcc_wgs/cirrhosis/EE85951.hg38.frag.tsv.bgz|202124161|4896940
OK|/mnt/verde/cfdna/estudos/jiang2015_hcc_wgs/cirrhosis/EE85923.hg38.frag.tsv.bgz|202851059|4670072
OK|/mnt/verde/cfdna/estudos/jiang2015_hcc_wgs/cirrhosis/EE85771.hg38.frag.tsv.bgz|194403069|4625192
OK|/mnt/verde/cfdna/estudos/jiang2015_hcc_wgs/cirrhosis/EE85768.hg38.frag.tsv.bgz|213110441|4658156
OK|/mnt/verde/cfdna/estudos/jiang2015_hcc_wgs/cirrhosis/EE85917.hg38.frag.tsv.bgz|206450534|4848624
OK|/mnt/verde/cfdna/estudos/jiang2015_hcc_wgs/cirrhosis/EE85884.hg38.frag.tsv.bgz|201986229|4545954
OK|/mnt/verde/cfdna/estudos/jiang2015_hcc_wgs/cirrhosis/EE85841.hg38.frag.tsv.bgz|229076467|5405937
OK|/mnt/verde/cfdna/estudos/jiang2015_hcc_wgs/cirrhosis/EE85924.hg38.frag.tsv.bgz|232037063|5416322
OK|/mnt/verde/cfdna/estudos/jiang2015_hcc_wgs/cirrhosis/EE85877.hg38.frag.tsv.bgz|271612229|6355334
OK|/mnt/verde/cfdna/estudos/jiang2015_hcc_wgs/cirrhosis/EE85986.hg38.frag.tsv.bgz|192016748|4489036
OK|/mnt/verde/cfdna/estudos/jiang2015_hcc_wgs/cirrhosis/EE85828.hg38.frag.tsv.bgz|157731639|3551186
OK|/mnt/verde/cfdna/estudos/jiang2015_hcc_wgs/cirrhosis/EE85780.hg38.frag.tsv.bgz|191672056|4400914
OK|/mnt/verde/cfdna/estudos/jiang2015_hcc_wgs/cirrhosis/EE85792.hg38.frag.tsv.bgz|257835693|6100002
OK|/mnt/verde/cfdna/estudos/jiang2015_hcc_wgs/cirrhosis/EE85834.hg38.frag.tsv.bgz|202632786|4739448
OK|/mnt/verde/cfdna/estudos/jiang2015_hcc_wgs/cirrhosis/EE85998.hg38.frag.tsv.bgz|248001142|5598085
OK|/mnt/verde/cfdna/estudos/jiang2015_hcc_wgs/cirrhosis/EE85837.hg38.frag.tsv.bgz|231804145|6063009
OK|/mnt/verde/cfdna/estudos/jiang2015_hcc_wgs/cirrhosis/EE85833.hg38.frag.tsv.bgz|401346186|9026523
OK|/mnt/verde/cfdna/estudos/jiang2015_hcc_wgs/cirrhosis/EE85919.hg38.frag.tsv.bgz|150917734|3487763
OK|/mnt/verde/cfdna/estudos/jiang2015_hcc_wgs/cirrhosis/EE85996.hg38.frag.tsv.bgz|181962636|4191518
OK|/mnt/verde/cfdna/estudos/jiang2015_hcc_wgs/cirrhosis/EE85902.hg38.frag.tsv.bgz|225682469|5328996
OK|/mnt/verde/cfdna/estudos/jiang2015_hcc_wgs/cirrhosis/EE85812.hg38.frag.tsv.bgz|221870963|5411537
OK|/mnt/verde/cfdna/estudos/jiang2015_hcc_wgs/cirrhosis/EE85815.hg38.frag.tsv.bgz|288170661|6881372
OK|/mnt/verde/cfdna/estudos/jiang2015_hcc_wgs/cirrhosis/EE85886.hg38.frag.tsv.bgz|160684606|3700579
OK|/mnt/verde/cfdna/estudos/jiang2015_hcc_wgs/cirrhosis/EE85887.hg38.frag.tsv.bgz|185603691|4199212
OK|/mnt/verde/cfdna/estudos/jiang2015_hcc_wgs/cirrhosis/EE85956.hg38.frag.tsv.bgz|274592869|6409435
OK|/mnt/verde/cfdna/estudos/jiang2015_hcc_wgs/cirrhosis/EE85890.hg38.frag.tsv.bgz|140229525|3084289
OK|/mnt/verde/cfdna/estudos/jiang2015_hcc_wgs/cirrhosis/EE85897.hg38.frag.tsv.bgz|266319574|5919267
OK|/mnt/verde/cfdna/estudos/jiang2015_hcc_wgs/cirrhosis/EE85758.hg38.frag.tsv.bgz|256047194|6098010
OK|/mnt/verde/cfdna/estudos/jiang2015_hcc_wgs/cirrhosis/EE85875.hg38.frag.tsv.bgz|198407769|4844431
OK|/mnt/verde/cfdna/estudos/jiang2015_hcc_wgs/cirrhosis/EE85760.hg38.frag.tsv.bgz|184847912|4491519
OK|/mnt/verde/cfdna/estudos/jiang2015_hcc_wgs/cirrhosis/EE85868.hg38.frag.tsv.bgz|196752832|4581815
OK|/mnt/verde/cfdna/estudos/jiang2015_hcc_wgs/cirrhosis/EE85931.hg38.frag.tsv.bgz|233433843|5641800
OK|/mnt/verde/cfdna/estudos/jiang2015_hcc_wgs/hepatitis_b/EE85994.hg38.frag.tsv.bgz|214096555|5013200
OK|/mnt/verde/cfdna/estudos/jiang2015_hcc_wgs/hepatitis_b/EE85920.hg38.frag.tsv.bgz|299507865|7164967
OK|/mnt/verde/cfdna/estudos/jiang2015_hcc_wgs/hepatitis_b/EE85865.hg38.frag.tsv.bgz|210222694|4645266
OK|/mnt/verde/cfdna/estudos/jiang2015_hcc_wgs/hepatitis_b/EE85926.hg38.frag.tsv.bgz|292800238|6643679
OK|/mnt/verde/cfdna/estudos/jiang2015_hcc_wgs/hepatitis_b/EE85999.hg38.frag.tsv.bgz|192897085|4315571
OK|/mnt/verde/cfdna/estudos/jiang2015_hcc_wgs/hepatitis_b/EE85955.hg38.frag.tsv.bgz|181860260|4208868
OK|/mnt/verde/cfdna/estudos/jiang2015_hcc_wgs/hepatitis_b/EE85783.hg38.frag.tsv.bgz|198920998|4729614
OK|/mnt/verde/cfdna/estudos/jiang2015_hcc_wgs/hepatitis_b/EE85966.hg38.frag.tsv.bgz|225957271|5295592
OK|/mnt/verde/cfdna/estudos/jiang2015_hcc_wgs/hepatitis_b/EE85818.hg38.frag.tsv.bgz|242249700|5447008
OK|/mnt/verde/cfdna/estudos/jiang2015_hcc_wgs/hepatitis_b/EE85853.hg38.frag.tsv.bgz|290578429|6861398
OK|/mnt/verde/cfdna/estudos/jiang2015_hcc_wgs/hepatitis_b/EE85855.hg38.frag.tsv.bgz|241441417|5577130
OK|/mnt/verde/cfdna/estudos/jiang2015_hcc_wgs/hepatitis_b/EE85776.hg38.frag.tsv.bgz|175646387|3992872
OK|/mnt/verde/cfdna/estudos/jiang2015_hcc_wgs/hepatitis_b/EE85825.hg38.frag.tsv.bgz|201099426|4545265
OK|/mnt/verde/cfdna/estudos/jiang2015_hcc_wgs/hepatitis_b/EE85915.hg38.frag.tsv.bgz|177648935|4091994
OK|/mnt/verde/cfdna/estudos/jiang2015_hcc_wgs/hepatitis_b/EE85879.hg38.frag.tsv.bgz|291172649|6678371
OK|/mnt/verde/cfdna/estudos/jiang2015_hcc_wgs/hepatitis_b/EE85755.hg38.frag.tsv.bgz|172370652|4101777
OK|/mnt/verde/cfdna/estudos/jiang2015_hcc_wgs/hepatitis_b/EE85940.hg38.frag.tsv.bgz|169073259|3994572
OK|/mnt/verde/cfdna/estudos/jiang2015_hcc_wgs/hepatitis_b/EE85967.hg38.frag.tsv.bgz|321045640|7801438
OK|/mnt/verde/cfdna/estudos/jiang2015_hcc_wgs/hepatitis_b/EE85945.hg38.frag.tsv.bgz|192877734|4288077
OK|/mnt/verde/cfdna/estudos/jiang2015_hcc_wgs/hepatitis_b/EE85822.hg38.frag.tsv.bgz|191828022|4444974
OK|/mnt/verde/cfdna/estudos/jiang2015_hcc_wgs/hepatitis_b/EE85876.hg38.frag.tsv.bgz|239555863|5919015
OK|/mnt/verde/cfdna/estudos/jiang2015_hcc_wgs/hepatitis_b/EE85817.hg38.frag.tsv.bgz|179174389|3948130
OK|/mnt/verde/cfdna/estudos/jiang2015_hcc_wgs/hepatitis_b/EE85912.hg38.frag.tsv.bgz|161706564|3807277
OK|/mnt/verde/cfdna/estudos/jiang2015_hcc_wgs/hepatitis_b/EE85866.hg38.frag.tsv.bgz|202537488|4577872
OK|/mnt/verde/cfdna/estudos/jiang2015_hcc_wgs/hepatitis_b/EE85913.hg38.frag.tsv.bgz|170966917|3782391
OK|/mnt/verde/cfdna/estudos/jiang2015_hcc_wgs/hepatitis_b/EE85972.hg38.frag.tsv.bgz|228541593|5622731
OK|/mnt/verde/cfdna/estudos/jiang2015_hcc_wgs/hepatitis_b/EE85838.hg38.frag.tsv.bgz|217875444|4911103
OK|/mnt/verde/cfdna/estudos/jiang2015_hcc_wgs/hepatitis_b/EE85800.hg38.frag.tsv.bgz|184027770|4203337
OK|/mnt/verde/cfdna/estudos/jiang2015_hcc_wgs/hepatitis_b/EE85882.hg38.frag.tsv.bgz|287300363|6739639
OK|/mnt/verde/cfdna/estudos/jiang2015_hcc_wgs/hepatitis_b/EE85922.hg38.frag.tsv.bgz|193244914|4681517
OK|/mnt/verde/cfdna/estudos/jiang2015_hcc_wgs/hepatitis_b/EE85984.hg38.frag.tsv.bgz|199752487|4611745
OK|/mnt/verde/cfdna/estudos/jiang2015_hcc_wgs/hepatitis_b/EE85981.hg38.frag.tsv.bgz|224262440|5173924
OK|/mnt/verde/cfdna/estudos/jiang2015_hcc_wgs/hepatitis_b/EE85975.hg38.frag.tsv.bgz|304651382|6796940
OK|/mnt/verde/cfdna/estudos/jiang2015_hcc_wgs/hepatitis_b/EE85826.hg38.frag.tsv.bgz|138414523|3172365
OK|/mnt/verde/cfdna/estudos/jiang2015_hcc_wgs/hepatitis_b/EE85871.hg38.frag.tsv.bgz|219442563|5135833
OK|/mnt/verde/cfdna/estudos/jiang2015_hcc_wgs/hepatitis_b/EE85948.hg38.frag.tsv.bgz|177029613|4040658
OK|/mnt/verde/cfdna/estudos/jiang2015_hcc_wgs/hepatitis_b/EE85960.hg38.frag.tsv.bgz|205612584|4643851
OK|/mnt/verde/cfdna/estudos/jiang2015_hcc_wgs/hepatitis_b/EE85767.hg38.frag.tsv.bgz|195763398|4499655
OK|/mnt/verde/cfdna/estudos/jiang2015_hcc_wgs/hepatitis_b/EE85796.hg38.frag.tsv.bgz|245260568|5705723
OK|/mnt/verde/cfdna/estudos/jiang2015_hcc_wgs/hepatitis_b/EE85808.hg38.frag.tsv.bgz|280479608|6823651
OK|/mnt/verde/cfdna/estudos/jiang2015_hcc_wgs/hepatitis_b/EE85844.hg38.frag.tsv.bgz|407236071|9182192
OK|/mnt/verde/cfdna/estudos/jiang2015_hcc_wgs/hepatitis_b/EE85874.hg38.frag.tsv.bgz|200501706|4702936
OK|/mnt/verde/cfdna/estudos/jiang2015_hcc_wgs/hepatitis_b/EE85754.hg38.frag.tsv.bgz|249359459|5791291
OK|/mnt/verde/cfdna/estudos/jiang2015_hcc_wgs/hepatitis_b/EE85811.hg38.frag.tsv.bgz|255810318|5633788
OK|/mnt/verde/cfdna/estudos/jiang2015_hcc_wgs/hepatitis_b/EE85950.hg38.frag.tsv.bgz|191869991|4225459
OK|/mnt/verde/cfdna/estudos/jiang2015_hcc_wgs/hepatitis_b/EE85873.hg38.frag.tsv.bgz|266244481|6491341
OK|/mnt/verde/cfdna/estudos/jiang2015_hcc_wgs/hepatitis_b/EE85933.hg38.frag.tsv.bgz|375117623|8953311
OK|/mnt/verde/cfdna/estudos/jiang2015_hcc_wgs/hepatitis_b/EE85779.hg38.frag.tsv.bgz|190306425|4722833
OK|/mnt/verde/cfdna/estudos/jiang2015_hcc_wgs/hepatitis_b/EE85952.hg38.frag.tsv.bgz|226379504|5267587
OK|/mnt/verde/cfdna/estudos/jiang2015_hcc_wgs/hepatitis_b/EE85763.hg38.frag.tsv.bgz|187832830|4462103
OK|/mnt/verde/cfdna/estudos/jiang2015_hcc_wgs/hepatitis_b/EE85957.hg38.frag.tsv.bgz|235333349|5050138
OK|/mnt/verde/cfdna/estudos/jiang2015_hcc_wgs/hepatitis_b/EE85859.hg38.frag.tsv.bgz|211811501|4777730
OK|/mnt/verde/cfdna/estudos/jiang2015_hcc_wgs/hepatitis_b/EE85766.hg38.frag.tsv.bgz|199973565|4552755
OK|/mnt/verde/cfdna/estudos/jiang2015_hcc_wgs/hepatitis_b/EE85896.hg38.frag.tsv.bgz|234985850|5467809
OK|/mnt/verde/cfdna/estudos/jiang2015_hcc_wgs/hepatitis_b/EE85906.hg38.frag.tsv.bgz|194202293|4531263
OK|/mnt/verde/cfdna/estudos/jiang2015_hcc_wgs/hepatitis_b/EE86001.hg38.frag.tsv.bgz|264532212|5967783
OK|/mnt/verde/cfdna/estudos/jiang2015_hcc_wgs/hepatitis_b/EE85809.hg38.frag.tsv.bgz|163516756|3779166
OK|/mnt/verde/cfdna/estudos/jiang2015_hcc_wgs/hepatitis_b/EE85944.hg38.frag.tsv.bgz|194387803|4740417
OK|/mnt/verde/cfdna/estudos/jiang2015_hcc_wgs/hepatitis_b/EE85764.hg38.frag.tsv.bgz|178718134|4288586
OK|/mnt/verde/cfdna/estudos/jiang2015_hcc_wgs/hepatitis_b/EE85895.hg38.frag.tsv.bgz|197059778|4815751
OK|/mnt/verde/cfdna/estudos/jiang2015_hcc_wgs/hepatitis_b/EE85797.hg38.frag.tsv.bgz|209826916|5143988
OK|/mnt/verde/cfdna/estudos/jiang2015_hcc_wgs/hepatitis_b/EE85930.hg38.frag.tsv.bgz|209189879|4748345
OK|/mnt/verde/cfdna/estudos/jiang2015_hcc_wgs/hepatitis_b/EE85762.hg38.frag.tsv.bgz|205317992|4776356
OK|/mnt/verde/cfdna/estudos/jiang2015_hcc_wgs/hepatitis_b/EE85989.hg38.frag.tsv.bgz|201476819|4565991
OK|/mnt/verde/cfdna/estudos/jiang2015_hcc_wgs/hepatitis_b/EE85840.hg38.frag.tsv.bgz|355918377|7848532
OK|/mnt/verde/cfdna/estudos/jiang2015_hcc_wgs/hepatitis_b/EE85942.hg38.frag.tsv.bgz|224504054|5229880
OK|/mnt/verde/cfdna/estudos/jiang2015_hcc_wgs/hepatitis_b/EE85836.hg38.frag.tsv.bgz|242715198|5380206
OK|/mnt/verde/cfdna/estudos/cristiano2019_delfi_wgs/breast_cancer/EE87858.hg38.frag.tsv.bgz|191421083|4284446
OK|/mnt/verde/cfdna/estudos/cristiano2019_delfi_wgs/breast_cancer/EE87838.hg38.frag.tsv.bgz|237679721|6163787
OK|/mnt/verde/cfdna/estudos/cristiano2019_delfi_wgs/breast_cancer/EE87848.hg38.frag.tsv.bgz|307986399|7801081
OK|/mnt/verde/cfdna/estudos/cristiano2019_delfi_wgs/breast_cancer/EE87850.hg38.frag.tsv.bgz|271504798|6694570
OK|/mnt/verde/cfdna/estudos/cristiano2019_delfi_wgs/breast_cancer/EE87861.hg38.frag.tsv.bgz|204913773|4451969
OK|/mnt/verde/cfdna/estudos/cristiano2019_delfi_wgs/breast_cancer/EE87845.hg38.frag.tsv.bgz|288134271|6963633
OK|/mnt/verde/cfdna/estudos/cristiano2019_delfi_wgs/breast_cancer/EE87817.hg38.frag.tsv.bgz|318437755|7998515
OK|/mnt/verde/cfdna/estudos/cristiano2019_delfi_wgs/breast_cancer/EE87860.hg38.frag.tsv.bgz|250436870|6448424
OK|/mnt/verde/cfdna/estudos/cristiano2019_delfi_wgs/breast_cancer/EE87830.hg38.frag.tsv.bgz|311662212|7773221
OK|/mnt/verde/cfdna/estudos/cristiano2019_delfi_wgs/breast_cancer/EE87844.hg38.frag.tsv.bgz|201879434|4475843
OK|/mnt/verde/cfdna/estudos/cristiano2019_delfi_wgs/breast_cancer/EE87813.hg38.frag.tsv.bgz|259819794|6429538
OK|/mnt/verde/cfdna/estudos/cristiano2019_delfi_wgs/breast_cancer/EE87847.hg38.frag.tsv.bgz|223871264|5015525
OK|/mnt/verde/cfdna/estudos/cristiano2019_delfi_wgs/breast_cancer/EE87864.hg38.frag.tsv.bgz|184100208|4439105
OK|/mnt/verde/cfdna/estudos/cristiano2019_delfi_wgs/breast_cancer/EE87843.hg38.frag.tsv.bgz|232745071|5385109
OK|/mnt/verde/cfdna/estudos/cristiano2019_delfi_wgs/breast_cancer/EE87822.hg38.frag.tsv.bgz|374974781|9574137
OK|/mnt/verde/cfdna/estudos/cristiano2019_delfi_wgs/breast_cancer/EE87819.hg38.frag.tsv.bgz|298509185|8102356
OK|/mnt/verde/cfdna/estudos/cristiano2019_delfi_wgs/breast_cancer/EE87854.hg38.frag.tsv.bgz|305152886|7270893
OK|/mnt/verde/cfdna/estudos/cristiano2019_delfi_wgs/breast_cancer/EE87853.hg38.frag.tsv.bgz|314118167|7877671
OK|/mnt/verde/cfdna/estudos/cristiano2019_delfi_wgs/breast_cancer/EE87831.hg38.frag.tsv.bgz|335034462|7915320
OK|/mnt/verde/cfdna/estudos/cristiano2019_delfi_wgs/breast_cancer/EE87842.hg38.frag.tsv.bgz|299837378|6884462
OK|/mnt/verde/cfdna/estudos/cristiano2019_delfi_wgs/breast_cancer/EE87857.hg38.frag.tsv.bgz|268892052|6324979
OK|/mnt/verde/cfdna/estudos/cristiano2019_delfi_wgs/breast_cancer/EE87862.hg38.frag.tsv.bgz|334874581|7970334
OK|/mnt/verde/cfdna/estudos/cristiano2019_delfi_wgs/breast_cancer/EE87846.hg38.frag.tsv.bgz|274268254|6271890
OK|/mnt/verde/cfdna/estudos/cristiano2019_delfi_wgs/breast_cancer/EE87816.hg38.frag.tsv.bgz|222354384|5227693
OK|/mnt/verde/cfdna/estudos/cristiano2019_delfi_wgs/breast_cancer/EE87852.hg38.frag.tsv.bgz|527830496|13541300
OK|/mnt/verde/cfdna/estudos/cristiano2019_delfi_wgs/breast_cancer/EE87841.hg38.frag.tsv.bgz|365676571|9370009
OK|/mnt/verde/cfdna/estudos/cristiano2019_delfi_wgs/breast_cancer/EE87837.hg38.frag.tsv.bgz|339616797|9426720
OK|/mnt/verde/cfdna/estudos/cristiano2019_delfi_wgs/breast_cancer/EE87818.hg38.frag.tsv.bgz|279044500|6355340
OK|/mnt/verde/cfdna/estudos/cristiano2019_delfi_wgs/breast_cancer/EE87855.hg38.frag.tsv.bgz|156653064|3479478
OK|/mnt/verde/cfdna/estudos/cristiano2019_delfi_wgs/breast_cancer/EE87836.hg38.frag.tsv.bgz|214112662|5835799
OK|/mnt/verde/cfdna/estudos/cristiano2019_delfi_wgs/breast_cancer/EE87827.hg38.frag.tsv.bgz|277976895|6391066
OK|/mnt/verde/cfdna/estudos/cristiano2019_delfi_wgs/breast_cancer/EE87835.hg38.frag.tsv.bgz|207807266|5252767
OK|/mnt/verde/cfdna/estudos/cristiano2019_delfi_wgs/breast_cancer/EE87863.hg38.frag.tsv.bgz|302727109|8977898
OK|/mnt/verde/cfdna/estudos/cristiano2019_delfi_wgs/breast_cancer/EE87814.hg38.frag.tsv.bgz|298500159|7290990
OK|/mnt/verde/cfdna/estudos/cristiano2019_delfi_wgs/breast_cancer/EE87832.hg38.frag.tsv.bgz|272577931|6665745
OK|/mnt/verde/cfdna/estudos/cristiano2019_delfi_wgs/breast_cancer/EE87812.hg38.frag.tsv.bgz|298058965|7250939
OK|/mnt/verde/cfdna/estudos/cristiano2019_delfi_wgs/breast_cancer/EE87820.hg38.frag.tsv.bgz|247651897|5403765
OK|/mnt/verde/cfdna/estudos/cristiano2019_delfi_wgs/breast_cancer/EE87826.hg38.frag.tsv.bgz|279983361|6550151
OK|/mnt/verde/cfdna/estudos/cristiano2019_delfi_wgs/breast_cancer/EE87849.hg38.frag.tsv.bgz|307566457|7438901
OK|/mnt/verde/cfdna/estudos/cristiano2019_delfi_wgs/breast_cancer/EE87823.hg38.frag.tsv.bgz|267242006|6237469
OK|/mnt/verde/cfdna/estudos/cristiano2019_delfi_wgs/breast_cancer/EE87828.hg38.frag.tsv.bgz|311017302|7531750
OK|/mnt/verde/cfdna/estudos/cristiano2019_delfi_wgs/breast_cancer/EE87824.hg38.frag.tsv.bgz|311997311|7467109
OK|/mnt/verde/cfdna/estudos/cristiano2019_delfi_wgs/breast_cancer/EE87829.hg38.frag.tsv.bgz|304628685|7413716
OK|/mnt/verde/cfdna/estudos/cristiano2019_delfi_wgs/breast_cancer/EE87833.hg38.frag.tsv.bgz|220833601|5050177
OK|/mnt/verde/cfdna/estudos/cristiano2019_delfi_wgs/breast_cancer/EE87825.hg38.frag.tsv.bgz|332658444|8224371
OK|/mnt/verde/cfdna/estudos/cristiano2019_delfi_wgs/breast_cancer/EE87811.hg38.frag.tsv.bgz|258188953|5697620
OK|/mnt/verde/cfdna/estudos/cristiano2019_delfi_wgs/breast_cancer/EE87840.hg38.frag.tsv.bgz|289759510|6667597
OK|/mnt/verde/cfdna/estudos/cristiano2019_delfi_wgs/breast_cancer/EE87815.hg38.frag.tsv.bgz|289137251|7001503
OK|/mnt/verde/cfdna/estudos/cristiano2019_delfi_wgs/breast_cancer/EE87839.hg38.frag.tsv.bgz|280073980|7644879
OK|/mnt/verde/cfdna/estudos/cristiano2019_delfi_wgs/breast_cancer/EE87859.hg38.frag.tsv.bgz|246724043|5739095
OK|/mnt/verde/cfdna/estudos/cristiano2019_delfi_wgs/breast_cancer/EE87856.hg38.frag.tsv.bgz|318359116|8318898
OK|/mnt/verde/cfdna/estudos/cristiano2019_delfi_wgs/breast_cancer/EE87821.hg38.frag.tsv.bgz|264373491|6825311
OK|/mnt/verde/cfdna/estudos/cristiano2019_delfi_wgs/breast_cancer/EE87834.hg38.frag.tsv.bgz|244802037|5719577
OK|/mnt/verde/cfdna/estudos/cristiano2019_delfi_wgs/breast_cancer/EE87851.hg38.frag.tsv.bgz|311265515|7737093
OK|/mnt/verde/cfdna/estudos/cristiano2019_delfi_wgs/ovarian_cancer/EE88284.hg38.frag.tsv.bgz|301952063|6948315
OK|/mnt/verde/cfdna/estudos/cristiano2019_delfi_wgs/ovarian_cancer/EE88264.hg38.frag.tsv.bgz|312981148|7669285
OK|/mnt/verde/cfdna/estudos/cristiano2019_delfi_wgs/ovarian_cancer/EE88277.hg38.frag.tsv.bgz|275683761|6712689
OK|/mnt/verde/cfdna/estudos/cristiano2019_delfi_wgs/ovarian_cancer/EE88280.hg38.frag.tsv.bgz|297177546|7000483
OK|/mnt/verde/cfdna/estudos/cristiano2019_delfi_wgs/ovarian_cancer/EE88286.hg38.frag.tsv.bgz|289129971|7105799
OK|/mnt/verde/cfdna/estudos/cristiano2019_delfi_wgs/ovarian_cancer/EE88267.hg38.frag.tsv.bgz|265524835|6672523
OK|/mnt/verde/cfdna/estudos/cristiano2019_delfi_wgs/ovarian_cancer/EE88282.hg38.frag.tsv.bgz|325071294|7906968
OK|/mnt/verde/cfdna/estudos/cristiano2019_delfi_wgs/ovarian_cancer/EE88269.hg38.frag.tsv.bgz|312210460|8985708
OK|/mnt/verde/cfdna/estudos/cristiano2019_delfi_wgs/ovarian_cancer/EE88288.hg38.frag.tsv.bgz|274541914|6275517
OK|/mnt/verde/cfdna/estudos/cristiano2019_delfi_wgs/ovarian_cancer/EE88278.hg38.frag.tsv.bgz|271894601|6217380
OK|/mnt/verde/cfdna/estudos/cristiano2019_delfi_wgs/ovarian_cancer/EE88262.hg38.frag.tsv.bgz|266997550|6493596
OK|/mnt/verde/cfdna/estudos/cristiano2019_delfi_wgs/ovarian_cancer/EE88273.hg38.frag.tsv.bgz|245365092|5518084
OK|/mnt/verde/cfdna/estudos/cristiano2019_delfi_wgs/ovarian_cancer/EE88275.hg38.frag.tsv.bgz|283021358|6574759
OK|/mnt/verde/cfdna/estudos/cristiano2019_delfi_wgs/ovarian_cancer/EE88281.hg38.frag.tsv.bgz|270837440|6403662
OK|/mnt/verde/cfdna/estudos/cristiano2019_delfi_wgs/ovarian_cancer/EE88263.hg38.frag.tsv.bgz|289462380|6796982
OK|/mnt/verde/cfdna/estudos/cristiano2019_delfi_wgs/ovarian_cancer/EE88272.hg38.frag.tsv.bgz|214896254|4824544
OK|/mnt/verde/cfdna/estudos/cristiano2019_delfi_wgs/ovarian_cancer/EE88270.hg38.frag.tsv.bgz|304842539|7695916
OK|/mnt/verde/cfdna/estudos/cristiano2019_delfi_wgs/ovarian_cancer/EE88274.hg38.frag.tsv.bgz|358975547|8289237
OK|/mnt/verde/cfdna/estudos/cristiano2019_delfi_wgs/ovarian_cancer/EE88266.hg38.frag.tsv.bgz|332876536|8551553
OK|/mnt/verde/cfdna/estudos/cristiano2019_delfi_wgs/ovarian_cancer/EE88271.hg38.frag.tsv.bgz|322036045|7814783
OK|/mnt/verde/cfdna/estudos/cristiano2019_delfi_wgs/ovarian_cancer/EE88276.hg38.frag.tsv.bgz|277152028|6525258
OK|/mnt/verde/cfdna/estudos/cristiano2019_delfi_wgs/ovarian_cancer/EE88265.hg38.frag.tsv.bgz|253245393|6097552
OK|/mnt/verde/cfdna/estudos/cristiano2019_delfi_wgs/ovarian_cancer/EE88285.hg38.frag.tsv.bgz|264171818|6394501
OK|/mnt/verde/cfdna/estudos/cristiano2019_delfi_wgs/ovarian_cancer/EE88283.hg38.frag.tsv.bgz|290698609|6849944
OK|/mnt/verde/cfdna/estudos/cristiano2019_delfi_wgs/ovarian_cancer/EE88279.hg38.frag.tsv.bgz|266519919|6284980
OK|/mnt/verde/cfdna/estudos/cristiano2019_delfi_wgs/ovarian_cancer/EE88268.hg38.frag.tsv.bgz|262263306|6273847
OK|/mnt/verde/cfdna/estudos/cristiano2019_delfi_wgs/ovarian_cancer/EE88289.hg38.frag.tsv.bgz|310637954|6901905
OK|/mnt/verde/cfdna/estudos/cristiano2019_delfi_wgs/ovarian_cancer/EE88287.hg38.frag.tsv.bgz|285333890|6828260
OK|/mnt/verde/cfdna/estudos/cristiano2019_delfi_wgs/bile_duct_cancer/EE87804.hg38.frag.tsv.bgz|471055417|13280058
OK|/mnt/verde/cfdna/estudos/cristiano2019_delfi_wgs/bile_duct_cancer/EE87788.hg38.frag.tsv.bgz|277337222|6326809
OK|/mnt/verde/cfdna/estudos/cristiano2019_delfi_wgs/bile_duct_cancer/EE87810.hg38.frag.tsv.bgz|275779527|6873602
OK|/mnt/verde/cfdna/estudos/cristiano2019_delfi_wgs/bile_duct_cancer/EE87792.hg38.frag.tsv.bgz|282473157|6637981
OK|/mnt/verde/cfdna/estudos/cristiano2019_delfi_wgs/bile_duct_cancer/EE87807.hg38.frag.tsv.bgz|257039402|6262554
OK|/mnt/verde/cfdna/estudos/cristiano2019_delfi_wgs/bile_duct_cancer/EE87794.hg38.frag.tsv.bgz|244297246|5505269
OK|/mnt/verde/cfdna/estudos/cristiano2019_delfi_wgs/bile_duct_cancer/EE87787.hg38.frag.tsv.bgz|265197367|6931039
OK|/mnt/verde/cfdna/estudos/cristiano2019_delfi_wgs/bile_duct_cancer/EE87801.hg38.frag.tsv.bgz|240336299|5777359
OK|/mnt/verde/cfdna/estudos/cristiano2019_delfi_wgs/bile_duct_cancer/EE87800.hg38.frag.tsv.bgz|262747250|6051018
OK|/mnt/verde/cfdna/estudos/cristiano2019_delfi_wgs/bile_duct_cancer/EE87790.hg38.frag.tsv.bgz|333001003|7530455
OK|/mnt/verde/cfdna/estudos/cristiano2019_delfi_wgs/bile_duct_cancer/EE87793.hg38.frag.tsv.bgz|253201754|6280338
OK|/mnt/verde/cfdna/estudos/cristiano2019_delfi_wgs/bile_duct_cancer/EE87789.hg38.frag.tsv.bgz|244711551|5390018
OK|/mnt/verde/cfdna/estudos/cristiano2019_delfi_wgs/bile_duct_cancer/EE87799.hg38.frag.tsv.bgz|228222096|6225232
OK|/mnt/verde/cfdna/estudos/cristiano2019_delfi_wgs/bile_duct_cancer/EE88325.hg38.frag.tsv.bgz|266621615|6784674
OK|/mnt/verde/cfdna/estudos/cristiano2019_delfi_wgs/bile_duct_cancer/EE87803.hg38.frag.tsv.bgz|275489458|7225166
OK|/mnt/verde/cfdna/estudos/cristiano2019_delfi_wgs/bile_duct_cancer/EE87797.hg38.frag.tsv.bgz|171725013|3796425
OK|/mnt/verde/cfdna/estudos/cristiano2019_delfi_wgs/bile_duct_cancer/EE87796.hg38.frag.tsv.bgz|228095127|5304326
OK|/mnt/verde/cfdna/estudos/cristiano2019_delfi_wgs/bile_duct_cancer/EE87795.hg38.frag.tsv.bgz|196259508|4513085
OK|/mnt/verde/cfdna/estudos/cristiano2019_delfi_wgs/bile_duct_cancer/EE87802.hg38.frag.tsv.bgz|259463585|6357451
OK|/mnt/verde/cfdna/estudos/cristiano2019_delfi_wgs/bile_duct_cancer/EE87805.hg38.frag.tsv.bgz|437293294|12514507
OK|/mnt/verde/cfdna/estudos/cristiano2019_delfi_wgs/bile_duct_cancer/EE87786.hg38.frag.tsv.bgz|272346207|6552952
OK|/mnt/verde/cfdna/estudos/cristiano2019_delfi_wgs/bile_duct_cancer/EE87791.hg38.frag.tsv.bgz|265452253|6225761
OK|/mnt/verde/cfdna/estudos/cristiano2019_delfi_wgs/bile_duct_cancer/EE87798.hg38.frag.tsv.bgz|260667800|6652039
OK|/mnt/verde/cfdna/estudos/cristiano2019_delfi_wgs/bile_duct_cancer/EE87809.hg38.frag.tsv.bgz|280043697|7073623
OK|/mnt/verde/cfdna/estudos/cristiano2019_delfi_wgs/bile_duct_cancer/EE87806.hg38.frag.tsv.bgz|293788680|6990460
OK|/mnt/verde/cfdna/estudos/cristiano2019_delfi_wgs/duodenal_cancer/EE87892.hg38.frag.tsv.bgz|264435945|5707123
OK|/mnt/verde/cfdna/estudos/cristiano2019_delfi_wgs/healthy/EE88119.hg38.frag.tsv.bgz|237774033|5663907
OK|/mnt/verde/cfdna/estudos/cristiano2019_delfi_wgs/healthy/EE88053.hg38.frag.tsv.bgz|252574642|6215356
OK|/mnt/verde/cfdna/estudos/cristiano2019_delfi_wgs/healthy/EE87956.hg38.frag.tsv.bgz|279025999|7071518
OK|/mnt/verde/cfdna/estudos/cristiano2019_delfi_wgs/healthy/EE87959.hg38.frag.tsv.bgz|239955989|5750677
OK|/mnt/verde/cfdna/estudos/cristiano2019_delfi_wgs/healthy/EE88161.hg38.frag.tsv.bgz|1026339435|26926025
OK|/mnt/verde/cfdna/estudos/cristiano2019_delfi_wgs/healthy/EE88010.hg38.frag.tsv.bgz|203294891|4686089
OK|/mnt/verde/cfdna/estudos/cristiano2019_delfi_wgs/healthy/EE87977.hg38.frag.tsv.bgz|1235627447|31783868
OK|/mnt/verde/cfdna/estudos/cristiano2019_delfi_wgs/healthy/EE88166.hg38.frag.tsv.bgz|239296831|6101650
OK|/mnt/verde/cfdna/estudos/cristiano2019_delfi_wgs/healthy/EE88173.hg38.frag.tsv.bgz|625558391|14513537
OK|/mnt/verde/cfdna/estudos/cristiano2019_delfi_wgs/healthy/EE88124.hg38.frag.tsv.bgz|265944350|6637863
OK|/mnt/verde/cfdna/estudos/cristiano2019_delfi_wgs/healthy/EE88107.hg38.frag.tsv.bgz|243677582|6168794
OK|/mnt/verde/cfdna/estudos/cristiano2019_delfi_wgs/healthy/EE87941.hg38.frag.tsv.bgz|207937552|4772558
OK|/mnt/verde/cfdna/estudos/cristiano2019_delfi_wgs/healthy/EE88170.hg38.frag.tsv.bgz|242520648|5565892
OK|/mnt/verde/cfdna/estudos/cristiano2019_delfi_wgs/healthy/EE87997.hg38.frag.tsv.bgz|319483325|8396358
OK|/mnt/verde/cfdna/estudos/cristiano2019_delfi_wgs/healthy/EE87942.hg38.frag.tsv.bgz|247536444|5987161
OK|/mnt/verde/cfdna/estudos/cristiano2019_delfi_wgs/healthy/EE88072.hg38.frag.tsv.bgz|238518880|5459489
OK|/mnt/verde/cfdna/estudos/cristiano2019_delfi_wgs/healthy/EE87984.hg38.frag.tsv.bgz|259803703|6442039
OK|/mnt/verde/cfdna/estudos/cristiano2019_delfi_wgs/healthy/EE88121.hg38.frag.tsv.bgz|221511293|4972581
OK|/mnt/verde/cfdna/estudos/cristiano2019_delfi_wgs/healthy/EE88062.hg38.frag.tsv.bgz|241998470|5417122
OK|/mnt/verde/cfdna/estudos/cristiano2019_delfi_wgs/healthy/EE88089.hg38.frag.tsv.bgz|252722766|6160437
OK|/mnt/verde/cfdna/estudos/cristiano2019_delfi_wgs/healthy/EE88182.hg38.frag.tsv.bgz|690628702|15632596
OK|/mnt/verde/cfdna/estudos/cristiano2019_delfi_wgs/healthy/EE87949.hg38.frag.tsv.bgz|299246996|7924486
OK|/mnt/verde/cfdna/estudos/cristiano2019_delfi_wgs/healthy/EE88174.hg38.frag.tsv.bgz|833937491|19511016
OK|/mnt/verde/cfdna/estudos/cristiano2019_delfi_wgs/healthy/EE88106.hg38.frag.tsv.bgz|248109922|5996941
OK|/mnt/verde/cfdna/estudos/cristiano2019_delfi_wgs/healthy/EE88087.hg38.frag.tsv.bgz|902949367|22010740
OK|/mnt/verde/cfdna/estudos/cristiano2019_delfi_wgs/healthy/EE88169.hg38.frag.tsv.bgz|226160049|5297799
OK|/mnt/verde/cfdna/estudos/cristiano2019_delfi_wgs/healthy/EE88006.hg38.frag.tsv.bgz|246537027|6111434
OK|/mnt/verde/cfdna/estudos/cristiano2019_delfi_wgs/healthy/EE88181.hg38.frag.tsv.bgz|685454018|16638780
OK|/mnt/verde/cfdna/estudos/cristiano2019_delfi_wgs/healthy/EE87992.hg38.frag.tsv.bgz|323432671|8591699
OK|/mnt/verde/cfdna/estudos/cristiano2019_delfi_wgs/healthy/EE87944.hg38.frag.tsv.bgz|330110723|8084395
OK|/mnt/verde/cfdna/estudos/cristiano2019_delfi_wgs/healthy/EE88026.hg38.frag.tsv.bgz|273862081|7277044
OK|/mnt/verde/cfdna/estudos/cristiano2019_delfi_wgs/healthy/EE87957.hg38.frag.tsv.bgz|241593743|5598307
OK|/mnt/verde/cfdna/estudos/cristiano2019_delfi_wgs/healthy/EE88076.hg38.frag.tsv.bgz|965645766|25958568
OK|/mnt/verde/cfdna/estudos/cristiano2019_delfi_wgs/healthy/EE87989.hg38.frag.tsv.bgz|224764471|5955121
OK|/mnt/verde/cfdna/estudos/cristiano2019_delfi_wgs/healthy/EE87924.hg38.frag.tsv.bgz|353326148|9199761
OK|/mnt/verde/cfdna/estudos/cristiano2019_delfi_wgs/healthy/EE88156.hg38.frag.tsv.bgz|272136700|6510293
OK|/mnt/verde/cfdna/estudos/cristiano2019_delfi_wgs/healthy/EE88017.hg38.frag.tsv.bgz|264824914|6283566
OK|/mnt/verde/cfdna/estudos/cristiano2019_delfi_wgs/healthy/EE88078.hg38.frag.tsv.bgz|239783870|5492361
OK|/mnt/verde/cfdna/estudos/cristiano2019_delfi_wgs/healthy/EE88138.hg38.frag.tsv.bgz|312398893|7651334
OK|/mnt/verde/cfdna/estudos/cristiano2019_delfi_wgs/healthy/EE88071.hg38.frag.tsv.bgz|240896593|5197072
OK|/mnt/verde/cfdna/estudos/cristiano2019_delfi_wgs/healthy/EE88137.hg38.frag.tsv.bgz|226511736|5477794
OK|/mnt/verde/cfdna/estudos/cristiano2019_delfi_wgs/healthy/EE87923.hg38.frag.tsv.bgz|329752033|8811812
OK|/mnt/verde/cfdna/estudos/cristiano2019_delfi_wgs/healthy/EE88080.hg38.frag.tsv.bgz|283679255|7206580
OK|/mnt/verde/cfdna/estudos/cristiano2019_delfi_wgs/healthy/EE88140.hg38.frag.tsv.bgz|326148829|8202207
OK|/mnt/verde/cfdna/estudos/cristiano2019_delfi_wgs/healthy/EE88044.hg38.frag.tsv.bgz|238243534|5715136
OK|/mnt/verde/cfdna/estudos/cristiano2019_delfi_wgs/healthy/EE88090.hg38.frag.tsv.bgz|197554962|4295170
OK|/mnt/verde/cfdna/estudos/cristiano2019_delfi_wgs/healthy/EE87935.hg38.frag.tsv.bgz|302281797|7406616
OK|/mnt/verde/cfdna/estudos/cristiano2019_delfi_wgs/healthy/EE88067.hg38.frag.tsv.bgz|309961698|7621104
OK|/mnt/verde/cfdna/estudos/cristiano2019_delfi_wgs/healthy/EE88115.hg38.frag.tsv.bgz|252211417|5713805
OK|/mnt/verde/cfdna/estudos/cristiano2019_delfi_wgs/healthy/EE88003.hg38.frag.tsv.bgz|466464872|11339747
OK|/mnt/verde/cfdna/estudos/cristiano2019_delfi_wgs/healthy/EE88153.hg38.frag.tsv.bgz|376633314|9134801
OK|/mnt/verde/cfdna/estudos/cristiano2019_delfi_wgs/healthy/EE88045.hg38.frag.tsv.bgz|234718274|5600105
OK|/mnt/verde/cfdna/estudos/cristiano2019_delfi_wgs/healthy/EE88155.hg38.frag.tsv.bgz|1264303087|31588312
OK|/mnt/verde/cfdna/estudos/cristiano2019_delfi_wgs/healthy/EE88060.hg38.frag.tsv.bgz|307493501|7621982
OK|/mnt/verde/cfdna/estudos/cristiano2019_delfi_wgs/healthy/EE87928.hg38.frag.tsv.bgz|349905612|8613779
OK|/mnt/verde/cfdna/estudos/cristiano2019_delfi_wgs/healthy/EE88027.hg38.frag.tsv.bgz|263352101|6854347
OK|/mnt/verde/cfdna/estudos/cristiano2019_delfi_wgs/healthy/EE88125.hg38.frag.tsv.bgz|328551712|8422266
OK|/mnt/verde/cfdna/estudos/cristiano2019_delfi_wgs/healthy/EE88073.hg38.frag.tsv.bgz|235864856|5299013
OK|/mnt/verde/cfdna/estudos/cristiano2019_delfi_wgs/healthy/EE88055.hg38.frag.tsv.bgz|249919248|5157763
OK|/mnt/verde/cfdna/estudos/cristiano2019_delfi_wgs/healthy/EE87920.hg38.frag.tsv.bgz|869392405|26243454
OK|/mnt/verde/cfdna/estudos/cristiano2019_delfi_wgs/healthy/EE88132.hg38.frag.tsv.bgz|277143521|6728413
OK|/mnt/verde/cfdna/estudos/cristiano2019_delfi_wgs/healthy/EE88134.hg38.frag.tsv.bgz|271482127|6730464
OK|/mnt/verde/cfdna/estudos/cristiano2019_delfi_wgs/healthy/EE88013.hg38.frag.tsv.bgz|227263887|5756758
OK|/mnt/verde/cfdna/estudos/cristiano2019_delfi_wgs/healthy/EE87953.hg38.frag.tsv.bgz|288830789|7232025
OK|/mnt/verde/cfdna/estudos/cristiano2019_delfi_wgs/healthy/EE88021.hg38.frag.tsv.bgz|230017283|5581891
OK|/mnt/verde/cfdna/estudos/cristiano2019_delfi_wgs/healthy/EE88122.hg38.frag.tsv.bgz|317714098|7864214
OK|/mnt/verde/cfdna/estudos/cristiano2019_delfi_wgs/healthy/EE87976.hg38.frag.tsv.bgz|226500767|5111943
OK|/mnt/verde/cfdna/estudos/cristiano2019_delfi_wgs/healthy/EE87963.hg38.frag.tsv.bgz|267441106|6328130
OK|/mnt/verde/cfdna/estudos/cristiano2019_delfi_wgs/healthy/EE88063.hg38.frag.tsv.bgz|305736709|7412872
OK|/mnt/verde/cfdna/estudos/cristiano2019_delfi_wgs/healthy/EE88180.hg38.frag.tsv.bgz|783061156|17850699
OK|/mnt/verde/cfdna/estudos/cristiano2019_delfi_wgs/healthy/EE88131.hg38.frag.tsv.bgz|282270422|6548730
OK|/mnt/verde/cfdna/estudos/cristiano2019_delfi_wgs/healthy/EE88085.hg38.frag.tsv.bgz|206050123|4847616
OK|/mnt/verde/cfdna/estudos/cristiano2019_delfi_wgs/healthy/EE88075.hg38.frag.tsv.bgz|252850445|5878810
OK|/mnt/verde/cfdna/estudos/cristiano2019_delfi_wgs/healthy/EE88019.hg38.frag.tsv.bgz|228273081|5540020
OK|/mnt/verde/cfdna/estudos/cristiano2019_delfi_wgs/healthy/EE87998.hg38.frag.tsv.bgz|264026238|6502371
OK|/mnt/verde/cfdna/estudos/cristiano2019_delfi_wgs/healthy/EE88030.hg38.frag.tsv.bgz|195027170|4520390
OK|/mnt/verde/cfdna/estudos/cristiano2019_delfi_wgs/healthy/EE88135.hg38.frag.tsv.bgz|279440868|6926007
OK|/mnt/verde/cfdna/estudos/cristiano2019_delfi_wgs/healthy/EE87952.hg38.frag.tsv.bgz|262467987|6227954
OK|/mnt/verde/cfdna/estudos/cristiano2019_delfi_wgs/healthy/EE88068.hg38.frag.tsv.bgz|297363044|7084855
OK|/mnt/verde/cfdna/estudos/cristiano2019_delfi_wgs/healthy/EE88093.hg38.frag.tsv.bgz|265564978|6409868
OK|/mnt/verde/cfdna/estudos/cristiano2019_delfi_wgs/healthy/EE88074.hg38.frag.tsv.bgz|256216747|5826238
OK|/mnt/verde/cfdna/estudos/cristiano2019_delfi_wgs/healthy/EE88043.hg38.frag.tsv.bgz|203809667|5033074
OK|/mnt/verde/cfdna/estudos/cristiano2019_delfi_wgs/healthy/EE88167.hg38.frag.tsv.bgz|862201426|22782128
OK|/mnt/verde/cfdna/estudos/cristiano2019_delfi_wgs/healthy/EE88117.hg38.frag.tsv.bgz|250286935|5894710
OK|/mnt/verde/cfdna/estudos/cristiano2019_delfi_wgs/healthy/EE88034.hg38.frag.tsv.bgz|236530146|5479392
OK|/mnt/verde/cfdna/estudos/cristiano2019_delfi_wgs/healthy/EE88130.hg38.frag.tsv.bgz|1032071511|25809810
OK|/mnt/verde/cfdna/estudos/cristiano2019_delfi_wgs/healthy/EE88086.hg38.frag.tsv.bgz|252901524|5780527
OK|/mnt/verde/cfdna/estudos/cristiano2019_delfi_wgs/healthy/EE88035.hg38.frag.tsv.bgz|206014500|4899924
VAZIO|/mnt/verde/cfdna/estudos/cristiano2019_delfi_wgs/healthy/EE87982.hg38.frag.tsv.bgz|0|0
OK|/mnt/verde/cfdna/estudos/cristiano2019_delfi_wgs/healthy/EE87960.hg38.frag.tsv.bgz|248971996|6448524
OK|/mnt/verde/cfdna/estudos/cristiano2019_delfi_wgs/healthy/EE88148.hg38.frag.tsv.bgz|269759597|6320825
OK|/mnt/verde/cfdna/estudos/cristiano2019_delfi_wgs/healthy/EE88056.hg38.frag.tsv.bgz|976437611|23937149
OK|/mnt/verde/cfdna/estudos/cristiano2019_delfi_wgs/healthy/EE87975.hg38.frag.tsv.bgz|219730392|5094805
OK|/mnt/verde/cfdna/estudos/cristiano2019_delfi_wgs/healthy/EE88018.hg38.frag.tsv.bgz|256189319|6042457
OK|/mnt/verde/cfdna/estudos/cristiano2019_delfi_wgs/healthy/EE87973.hg38.frag.tsv.bgz|201659789|4894107
OK|/mnt/verde/cfdna/estudos/cristiano2019_delfi_wgs/healthy/EE88171.hg38.frag.tsv.bgz|213949733|5014632
OK|/mnt/verde/cfdna/estudos/cristiano2019_delfi_wgs/healthy/EE88005.hg38.frag.tsv.bgz|372371968|8999212
OK|/mnt/verde/cfdna/estudos/cristiano2019_delfi_wgs/healthy/EE88133.hg38.frag.tsv.bgz|246133545|6561715
OK|/mnt/verde/cfdna/estudos/cristiano2019_delfi_wgs/healthy/EE87979.hg38.frag.tsv.bgz|379907311|9923859
OK|/mnt/verde/cfdna/estudos/cristiano2019_delfi_wgs/healthy/EE87987.hg38.frag.tsv.bgz|998000250|24349243
OK|/mnt/verde/cfdna/estudos/cristiano2019_delfi_wgs/healthy/EE88052.hg38.frag.tsv.bgz|234600218|5309802
OK|/mnt/verde/cfdna/estudos/cristiano2019_delfi_wgs/healthy/EE88020.hg38.frag.tsv.bgz|231467609|5378448
OK|/mnt/verde/cfdna/estudos/cristiano2019_delfi_wgs/healthy/EE88065.hg38.frag.tsv.bgz|250120841|5420727
OK|/mnt/verde/cfdna/estudos/cristiano2019_delfi_wgs/healthy/EE87996.hg38.frag.tsv.bgz|227265622|5509579
OK|/mnt/verde/cfdna/estudos/cristiano2019_delfi_wgs/healthy/EE87964.hg38.frag.tsv.bgz|233773221|5402828
OK|/mnt/verde/cfdna/estudos/cristiano2019_delfi_wgs/healthy/EE87946.hg38.frag.tsv.bgz|303887208|7862912
OK|/mnt/verde/cfdna/estudos/cristiano2019_delfi_wgs/healthy/EE88163.hg38.frag.tsv.bgz|254414177|5895036
OK|/mnt/verde/cfdna/estudos/cristiano2019_delfi_wgs/healthy/EE88048.hg38.frag.tsv.bgz|274409080|6759078
OK|/mnt/verde/cfdna/estudos/cristiano2019_delfi_wgs/healthy/EE87940.hg38.frag.tsv.bgz|211751995|5027376
OK|/mnt/verde/cfdna/estudos/cristiano2019_delfi_wgs/healthy/EE87967.hg38.frag.tsv.bgz|228996228|5318780
OK|/mnt/verde/cfdna/estudos/cristiano2019_delfi_wgs/healthy/EE88002.hg38.frag.tsv.bgz|380830939|8739232
OK|/mnt/verde/cfdna/estudos/cristiano2019_delfi_wgs/healthy/EE88023.hg38.frag.tsv.bgz|255852842|5916474
OK|/mnt/verde/cfdna/estudos/cristiano2019_delfi_wgs/healthy/EE88151.hg38.frag.tsv.bgz|353557388|8209368
OK|/mnt/verde/cfdna/estudos/cristiano2019_delfi_wgs/healthy/EE88032.hg38.frag.tsv.bgz|162540463|3866757
OK|/mnt/verde/cfdna/estudos/cristiano2019_delfi_wgs/healthy/EE88139.hg38.frag.tsv.bgz|272523677|7210193
OK|/mnt/verde/cfdna/estudos/cristiano2019_delfi_wgs/healthy/EE88079.hg38.frag.tsv.bgz|194821996|4333737
OK|/mnt/verde/cfdna/estudos/cristiano2019_delfi_wgs/healthy/EE88175.hg38.frag.tsv.bgz|828613597|20002496
OK|/mnt/verde/cfdna/estudos/cristiano2019_delfi_wgs/healthy/EE88007.hg38.frag.tsv.bgz|285464964|7619324
OK|/mnt/verde/cfdna/estudos/cristiano2019_delfi_wgs/healthy/EE88145.hg38.frag.tsv.bgz|348995940|8332668
OK|/mnt/verde/cfdna/estudos/cristiano2019_delfi_wgs/healthy/EE87938.hg38.frag.tsv.bgz|301389700|7833201
OK|/mnt/verde/cfdna/estudos/cristiano2019_delfi_wgs/healthy/EE88091.hg38.frag.tsv.bgz|228051581|5504948
OK|/mnt/verde/cfdna/estudos/cristiano2019_delfi_wgs/healthy/EE88047.hg38.frag.tsv.bgz|214484565|5167731
OK|/mnt/verde/cfdna/estudos/cristiano2019_delfi_wgs/healthy/EE88127.hg38.frag.tsv.bgz|242158814|5878643
OK|/mnt/verde/cfdna/estudos/cristiano2019_delfi_wgs/healthy/EE88049.hg38.frag.tsv.bgz|272926545|6556688
OK|/mnt/verde/cfdna/estudos/cristiano2019_delfi_wgs/healthy/EE88118.hg38.frag.tsv.bgz|855596537|21267461
OK|/mnt/verde/cfdna/estudos/cristiano2019_delfi_wgs/healthy/EE88136.hg38.frag.tsv.bgz|252614161|5985295
OK|/mnt/verde/cfdna/estudos/cristiano2019_delfi_wgs/healthy/EE87961.hg38.frag.tsv.bgz|314954906|8301389
OK|/mnt/verde/cfdna/estudos/cristiano2019_delfi_wgs/healthy/EE88066.hg38.frag.tsv.bgz|268624112|6315996
OK|/mnt/verde/cfdna/estudos/cristiano2019_delfi_wgs/healthy/EE88029.hg38.frag.tsv.bgz|170653769|3998591
OK|/mnt/verde/cfdna/estudos/cristiano2019_delfi_wgs/healthy/EE87931.hg38.frag.tsv.bgz|402900803|10207836
OK|/mnt/verde/cfdna/estudos/cristiano2019_delfi_wgs/healthy/EE88110.hg38.frag.tsv.bgz|226041992|5212959
OK|/mnt/verde/cfdna/estudos/cristiano2019_delfi_wgs/healthy/EE88094.hg38.frag.tsv.bgz|214412476|4932512
OK|/mnt/verde/cfdna/estudos/cristiano2019_delfi_wgs/healthy/EE87947.hg38.frag.tsv.bgz|410606125|10678971
OK|/mnt/verde/cfdna/estudos/cristiano2019_delfi_wgs/healthy/EE88084.hg38.frag.tsv.bgz|255126595|5809951
OK|/mnt/verde/cfdna/estudos/cristiano2019_delfi_wgs/healthy/EE88116.hg38.frag.tsv.bgz|239596136|5361780
OK|/mnt/verde/cfdna/estudos/cristiano2019_delfi_wgs/healthy/EE87954.hg38.frag.tsv.bgz|208717631|4920262
OK|/mnt/verde/cfdna/estudos/cristiano2019_delfi_wgs/healthy/EE87927.hg38.frag.tsv.bgz|371773364|9725419
OK|/mnt/verde/cfdna/estudos/cristiano2019_delfi_wgs/healthy/EE88041.hg38.frag.tsv.bgz|195767515|4807249
OK|/mnt/verde/cfdna/estudos/cristiano2019_delfi_wgs/healthy/EE88111.hg38.frag.tsv.bgz|253838543|6479469
OK|/mnt/verde/cfdna/estudos/cristiano2019_delfi_wgs/healthy/EE87969.hg38.frag.tsv.bgz|260247663|6672075
OK|/mnt/verde/cfdna/estudos/cristiano2019_delfi_wgs/healthy/EE88046.hg38.frag.tsv.bgz|991438200|24834122
OK|/mnt/verde/cfdna/estudos/cristiano2019_delfi_wgs/healthy/EE88179.hg38.frag.tsv.bgz|685331198|16865746
OK|/mnt/verde/cfdna/estudos/cristiano2019_delfi_wgs/healthy/EE88088.hg38.frag.tsv.bgz|210298314|4970231
OK|/mnt/verde/cfdna/estudos/cristiano2019_delfi_wgs/healthy/EE88011.hg38.frag.tsv.bgz|250890767|6060983
OK|/mnt/verde/cfdna/estudos/cristiano2019_delfi_wgs/healthy/EE88114.hg38.frag.tsv.bgz|252582323|5758230
OK|/mnt/verde/cfdna/estudos/cristiano2019_delfi_wgs/healthy/EE87993.hg38.frag.tsv.bgz|184212891|4427725
OK|/mnt/verde/cfdna/estudos/cristiano2019_delfi_wgs/healthy/EE88051.hg38.frag.tsv.bgz|404767584|9669495
OK|/mnt/verde/cfdna/estudos/cristiano2019_delfi_wgs/healthy/EE88039.hg38.frag.tsv.bgz|225680846|5400667
OK|/mnt/verde/cfdna/estudos/cristiano2019_delfi_wgs/healthy/EE88123.hg38.frag.tsv.bgz|317028977|7045417
OK|/mnt/verde/cfdna/estudos/cristiano2019_delfi_wgs/healthy/EE88142.hg38.frag.tsv.bgz|294130846|7605269
OK|/mnt/verde/cfdna/estudos/cristiano2019_delfi_wgs/healthy/EE88129.hg38.frag.tsv.bgz|309837392|7332760
OK|/mnt/verde/cfdna/estudos/cristiano2019_delfi_wgs/healthy/EE88176.hg38.frag.tsv.bgz|839627417|19469302
OK|/mnt/verde/cfdna/estudos/cristiano2019_delfi_wgs/healthy/EE88054.hg38.frag.tsv.bgz|256938424|5960731
OK|/mnt/verde/cfdna/estudos/cristiano2019_delfi_wgs/healthy/EE88024.hg38.frag.tsv.bgz|279479771|7119692
OK|/mnt/verde/cfdna/estudos/cristiano2019_delfi_wgs/healthy/EE88177.hg38.frag.tsv.bgz|845191073|19678741
OK|/mnt/verde/cfdna/estudos/cristiano2019_delfi_wgs/healthy/EE87968.hg38.frag.tsv.bgz|273134713|7074581
OK|/mnt/verde/cfdna/estudos/cristiano2019_delfi_wgs/healthy/EE88004.hg38.frag.tsv.bgz|523233462|12954157
OK|/mnt/verde/cfdna/estudos/cristiano2019_delfi_wgs/healthy/EE88058.hg38.frag.tsv.bgz|231181968|5388013
OK|/mnt/verde/cfdna/estudos/cristiano2019_delfi_wgs/healthy/EE88061.hg38.frag.tsv.bgz|257722014|6929344
OK|/mnt/verde/cfdna/estudos/cristiano2019_delfi_wgs/healthy/EE88057.hg38.frag.tsv.bgz|308699103|7235693
OK|/mnt/verde/cfdna/estudos/cristiano2019_delfi_wgs/healthy/EE88022.hg38.frag.tsv.bgz|371430233|9545386
OK|/mnt/verde/cfdna/estudos/cristiano2019_delfi_wgs/healthy/EE88033.hg38.frag.tsv.bgz|195048908|4576334
OK|/mnt/verde/cfdna/estudos/cristiano2019_delfi_wgs/healthy/EE87962.hg38.frag.tsv.bgz|250052904|6066447
OK|/mnt/verde/cfdna/estudos/cristiano2019_delfi_wgs/healthy/EE87978.hg38.frag.tsv.bgz|273381918|6667691
OK|/mnt/verde/cfdna/estudos/cristiano2019_delfi_wgs/healthy/EE88038.hg38.frag.tsv.bgz|231110177|5487781
OK|/mnt/verde/cfdna/estudos/cristiano2019_delfi_wgs/healthy/EE88012.hg38.frag.tsv.bgz|218105633|4971864
OK|/mnt/verde/cfdna/estudos/cristiano2019_delfi_wgs/healthy/EE88040.hg38.frag.tsv.bgz|217742032|5487977
OK|/mnt/verde/cfdna/estudos/cristiano2019_delfi_wgs/healthy/EE88126.hg38.frag.tsv.bgz|290830126|7070152
OK|/mnt/verde/cfdna/estudos/cristiano2019_delfi_wgs/healthy/EE88102.hg38.frag.tsv.bgz|270732514|6626315
OK|/mnt/verde/cfdna/estudos/cristiano2019_delfi_wgs/healthy/EE87999.hg38.frag.tsv.bgz|1198366003|29368308
OK|/mnt/verde/cfdna/estudos/cristiano2019_delfi_wgs/healthy/EE88059.hg38.frag.tsv.bgz|229397764|5252207
OK|/mnt/verde/cfdna/estudos/cristiano2019_delfi_wgs/healthy/EE88109.hg38.frag.tsv.bgz|233030705|5277345
OK|/mnt/verde/cfdna/estudos/cristiano2019_delfi_wgs/healthy/EE88158.hg38.frag.tsv.bgz|1126559481|28429964
OK|/mnt/verde/cfdna/estudos/cristiano2019_delfi_wgs/healthy/EE88160.hg38.frag.tsv.bgz|914043492|23133138
OK|/mnt/verde/cfdna/estudos/cristiano2019_delfi_wgs/healthy/EE88077.hg38.frag.tsv.bgz|249247220|5790191
OK|/mnt/verde/cfdna/estudos/cristiano2019_delfi_wgs/healthy/EE88150.hg38.frag.tsv.bgz|264053413|6182566
OK|/mnt/verde/cfdna/estudos/cristiano2019_delfi_wgs/healthy/EE87972.hg38.frag.tsv.bgz|260343994|6413001
OK|/mnt/verde/cfdna/estudos/cristiano2019_delfi_wgs/healthy/EE88016.hg38.frag.tsv.bgz|220030918|5176890
OK|/mnt/verde/cfdna/estudos/cristiano2019_delfi_wgs/healthy/EE87936.hg38.frag.tsv.bgz|366358445|9368982
OK|/mnt/verde/cfdna/estudos/cristiano2019_delfi_wgs/healthy/EE87955.hg38.frag.tsv.bgz|232449130|5925745
OK|/mnt/verde/cfdna/estudos/cristiano2019_delfi_wgs/healthy/EE87933.hg38.frag.tsv.bgz|324063423|8294771
OK|/mnt/verde/cfdna/estudos/cristiano2019_delfi_wgs/healthy/EE88098.hg38.frag.tsv.bgz|241450566|5801473
OK|/mnt/verde/cfdna/estudos/cristiano2019_delfi_wgs/healthy/EE87981.hg38.frag.tsv.bgz|241956196|5793964
OK|/mnt/verde/cfdna/estudos/cristiano2019_delfi_wgs/healthy/EE87943.hg38.frag.tsv.bgz|328998342|7700822
OK|/mnt/verde/cfdna/estudos/cristiano2019_delfi_wgs/healthy/EE87925.hg38.frag.tsv.bgz|299645811|7752005
OK|/mnt/verde/cfdna/estudos/cristiano2019_delfi_wgs/healthy/EE87974.hg38.frag.tsv.bgz|224683992|5221933
OK|/mnt/verde/cfdna/estudos/cristiano2019_delfi_wgs/healthy/EE88104.hg38.frag.tsv.bgz|236936808|5559809
OK|/mnt/verde/cfdna/estudos/cristiano2019_delfi_wgs/healthy/EE88147.hg38.frag.tsv.bgz|315193655|8822613
OK|/mnt/verde/cfdna/estudos/cristiano2019_delfi_wgs/healthy/EE88103.hg38.frag.tsv.bgz|244048106|5852661
OK|/mnt/verde/cfdna/estudos/cristiano2019_delfi_wgs/healthy/EE87988.hg38.frag.tsv.bgz|222793049|5431883
OK|/mnt/verde/cfdna/estudos/cristiano2019_delfi_wgs/healthy/EE88095.hg38.frag.tsv.bgz|281854750|6784132
OK|/mnt/verde/cfdna/estudos/cristiano2019_delfi_wgs/healthy/EE87921.hg38.frag.tsv.bgz|817707915|25435070
OK|/mnt/verde/cfdna/estudos/cristiano2019_delfi_wgs/healthy/EE88120.hg38.frag.tsv.bgz|273565885|6671341
OK|/mnt/verde/cfdna/estudos/cristiano2019_delfi_wgs/healthy/EE87990.hg38.frag.tsv.bgz|335870336|8571421
OK|/mnt/verde/cfdna/estudos/cristiano2019_delfi_wgs/healthy/EE88081.hg38.frag.tsv.bgz|213359667|5144093
OK|/mnt/verde/cfdna/estudos/cristiano2019_delfi_wgs/healthy/EE87926.hg38.frag.tsv.bgz|317538143|8050343
OK|/mnt/verde/cfdna/estudos/cristiano2019_delfi_wgs/healthy/EE88105.hg38.frag.tsv.bgz|250793907|5911204
OK|/mnt/verde/cfdna/estudos/cristiano2019_delfi_wgs/healthy/EE88082.hg38.frag.tsv.bgz|237573843|5503175
OK|/mnt/verde/cfdna/estudos/cristiano2019_delfi_wgs/healthy/EE87991.hg38.frag.tsv.bgz|187117615|4672653
OK|/mnt/verde/cfdna/estudos/cristiano2019_delfi_wgs/healthy/EE88014.hg38.frag.tsv.bgz|215478368|5333508
OK|/mnt/verde/cfdna/estudos/cristiano2019_delfi_wgs/healthy/EE88092.hg38.frag.tsv.bgz|266376263|6476805
OK|/mnt/verde/cfdna/estudos/cristiano2019_delfi_wgs/healthy/EE88141.hg38.frag.tsv.bgz|244825329|6003067
OK|/mnt/verde/cfdna/estudos/cristiano2019_delfi_wgs/healthy/EE88037.hg38.frag.tsv.bgz|174790573|4092505
OK|/mnt/verde/cfdna/estudos/cristiano2019_delfi_wgs/healthy/EE87966.hg38.frag.tsv.bgz|244735529|5711982
OK|/mnt/verde/cfdna/estudos/cristiano2019_delfi_wgs/healthy/EE88143.hg38.frag.tsv.bgz|897746050|22137442
OK|/mnt/verde/cfdna/estudos/cristiano2019_delfi_wgs/healthy/EE88146.hg38.frag.tsv.bgz|310845235|7724427
OK|/mnt/verde/cfdna/estudos/cristiano2019_delfi_wgs/healthy/EE87948.hg38.frag.tsv.bgz|282688717|7373902
OK|/mnt/verde/cfdna/estudos/cristiano2019_delfi_wgs/healthy/EE87985.hg38.frag.tsv.bgz|344768035|8934934
OK|/mnt/verde/cfdna/estudos/cristiano2019_delfi_wgs/healthy/EE88144.hg38.frag.tsv.bgz|331450284|8745740
OK|/mnt/verde/cfdna/estudos/cristiano2019_delfi_wgs/healthy/EE88028.hg38.frag.tsv.bgz|147116475|3415095
OK|/mnt/verde/cfdna/estudos/cristiano2019_delfi_wgs/healthy/EE88154.hg38.frag.tsv.bgz|342303449|8795959
OK|/mnt/verde/cfdna/estudos/cristiano2019_delfi_wgs/healthy/EE87932.hg38.frag.tsv.bgz|196661048|4702204
OK|/mnt/verde/cfdna/estudos/cristiano2019_delfi_wgs/healthy/EE88015.hg38.frag.tsv.bgz|247256462|5869040
OK|/mnt/verde/cfdna/estudos/cristiano2019_delfi_wgs/healthy/EE88096.hg38.frag.tsv.bgz|213934769|4637294
OK|/mnt/verde/cfdna/estudos/cristiano2019_delfi_wgs/healthy/EE88070.hg38.frag.tsv.bgz|263655050|6009894
OK|/mnt/verde/cfdna/estudos/cristiano2019_delfi_wgs/healthy/EE87994.hg38.frag.tsv.bgz|214374503|5434407
OK|/mnt/verde/cfdna/estudos/cristiano2019_delfi_wgs/healthy/EE88050.hg38.frag.tsv.bgz|298552648|6940830
OK|/mnt/verde/cfdna/estudos/cristiano2019_delfi_wgs/healthy/EE88164.hg38.frag.tsv.bgz|289029236|7225563
OK|/mnt/verde/cfdna/estudos/cristiano2019_delfi_wgs/healthy/EE87970.hg38.frag.tsv.bgz|241503382|5836676
OK|/mnt/verde/cfdna/estudos/cristiano2019_delfi_wgs/healthy/EE87945.hg38.frag.tsv.bgz|297746854|7050705
OK|/mnt/verde/cfdna/estudos/cristiano2019_delfi_wgs/healthy/EE87983.hg38.frag.tsv.bgz|255457855|6054315
OK|/mnt/verde/cfdna/estudos/cristiano2019_delfi_wgs/healthy/EE88113.hg38.frag.tsv.bgz|258535205|6418172
OK|/mnt/verde/cfdna/estudos/cristiano2019_delfi_wgs/healthy/EE87922.hg38.frag.tsv.bgz|334633119|8843663
OK|/mnt/verde/cfdna/estudos/cristiano2019_delfi_wgs/healthy/EE88042.hg38.frag.tsv.bgz|218096038|5408729
OK|/mnt/verde/cfdna/estudos/cristiano2019_delfi_wgs/healthy/EE88101.hg38.frag.tsv.bgz|245443554|5651902
OK|/mnt/verde/cfdna/estudos/cristiano2019_delfi_wgs/healthy/EE88069.hg38.frag.tsv.bgz|288357987|6320301
OK|/mnt/verde/cfdna/estudos/cristiano2019_delfi_wgs/healthy/EE87995.hg38.frag.tsv.bgz|215358253|5570988
OK|/mnt/verde/cfdna/estudos/cristiano2019_delfi_wgs/healthy/EE88064.hg38.frag.tsv.bgz|286286646|6657841
OK|/mnt/verde/cfdna/estudos/cristiano2019_delfi_wgs/healthy/EE88168.hg38.frag.tsv.bgz|245303076|6020083
OK|/mnt/verde/cfdna/estudos/cristiano2019_delfi_wgs/healthy/EE88001.hg38.frag.tsv.bgz|241739598|5995515
OK|/mnt/verde/cfdna/estudos/cristiano2019_delfi_wgs/healthy/EE87971.hg38.frag.tsv.bgz|239462627|5509057
OK|/mnt/verde/cfdna/estudos/cristiano2019_delfi_wgs/healthy/EE87965.hg38.frag.tsv.bgz|270418526|6753332
OK|/mnt/verde/cfdna/estudos/cristiano2019_delfi_wgs/healthy/EE88008.hg38.frag.tsv.bgz|223719290|5582657
OK|/mnt/verde/cfdna/estudos/cristiano2019_delfi_wgs/healthy/EE88172.hg38.frag.tsv.bgz|234728663|5383834
OK|/mnt/verde/cfdna/estudos/cristiano2019_delfi_wgs/healthy/EE87951.hg38.frag.tsv.bgz|254961077|5891150
OK|/mnt/verde/cfdna/estudos/cristiano2019_delfi_wgs/healthy/EE87950.hg38.frag.tsv.bgz|244899966|6119182
OK|/mnt/verde/cfdna/estudos/cristiano2019_delfi_wgs/healthy/EE87929.hg38.frag.tsv.bgz|384573237|10119848
OK|/mnt/verde/cfdna/estudos/cristiano2019_delfi_wgs/healthy/EE88165.hg38.frag.tsv.bgz|957952689|26142523
OK|/mnt/verde/cfdna/estudos/cristiano2019_delfi_wgs/healthy/EE88097.hg38.frag.tsv.bgz|966423452|25306878
OK|/mnt/verde/cfdna/estudos/cristiano2019_delfi_wgs/healthy/EE88036.hg38.frag.tsv.bgz|222119992|5320846
OK|/mnt/verde/cfdna/estudos/cristiano2019_delfi_wgs/healthy/EE88162.hg38.frag.tsv.bgz|192940109|4694125
OK|/mnt/verde/cfdna/estudos/cristiano2019_delfi_wgs/healthy/EE88112.hg38.frag.tsv.bgz|262756895|6235707
OK|/mnt/verde/cfdna/estudos/cristiano2019_delfi_wgs/healthy/EE87937.hg38.frag.tsv.bgz|369061530|9522847
OK|/mnt/verde/cfdna/estudos/cristiano2019_delfi_wgs/healthy/EE88152.hg38.frag.tsv.bgz|249522681|5926979
OK|/mnt/verde/cfdna/estudos/cristiano2019_delfi_wgs/healthy/EE88031.hg38.frag.tsv.bgz|204198246|4951767
OK|/mnt/verde/cfdna/estudos/cristiano2019_delfi_wgs/healthy/EE88009.hg38.frag.tsv.bgz|235101885|5902826
OK|/mnt/verde/cfdna/estudos/cristiano2019_delfi_wgs/healthy/EE87934.hg38.frag.tsv.bgz|390366203|10468248
OK|/mnt/verde/cfdna/estudos/cristiano2019_delfi_wgs/healthy/EE88128.hg38.frag.tsv.bgz|300809538|6956692
OK|/mnt/verde/cfdna/estudos/cristiano2019_delfi_wgs/healthy/EE88157.hg38.frag.tsv.bgz|1175772585|30139868
OK|/mnt/verde/cfdna/estudos/cristiano2019_delfi_wgs/healthy/EE87980.hg38.frag.tsv.bgz|220600120|5179520
OK|/mnt/verde/cfdna/estudos/cristiano2019_delfi_wgs/healthy/EE87986.hg38.frag.tsv.bgz|367091335|9799251
OK|/mnt/verde/cfdna/estudos/cristiano2019_delfi_wgs/healthy/EE88025.hg38.frag.tsv.bgz|241037737|6007650
OK|/mnt/verde/cfdna/estudos/cristiano2019_delfi_wgs/healthy/EE87958.hg38.frag.tsv.bgz|212889736|5430658
OK|/mnt/verde/cfdna/estudos/cristiano2019_delfi_wgs/healthy/EE88083.hg38.frag.tsv.bgz|250865063|5554711
OK|/mnt/verde/cfdna/estudos/cristiano2019_delfi_wgs/healthy/EE88000.hg38.frag.tsv.bgz|276382266|7222170
OK|/mnt/verde/cfdna/estudos/cristiano2019_delfi_wgs/healthy/EE88099.hg38.frag.tsv.bgz|279598221|6522515
OK|/mnt/verde/cfdna/estudos/cristiano2019_delfi_wgs/healthy/EE88178.hg38.frag.tsv.bgz|886241994|19783902
OK|/mnt/verde/cfdna/estudos/cristiano2019_delfi_wgs/healthy/EE88149.hg38.frag.tsv.bgz|242123048|5818540
OK|/mnt/verde/cfdna/estudos/cristiano2019_delfi_wgs/healthy/EE88108.hg38.frag.tsv.bgz|1105413015|27242408
OK|/mnt/verde/cfdna/estudos/cristiano2019_delfi_wgs/healthy/EE87939.hg38.frag.tsv.bgz|389670406|9837118
OK|/mnt/verde/cfdna/estudos/cristiano2019_delfi_wgs/healthy/EE88100.hg38.frag.tsv.bgz|249026805|5815334
OK|/mnt/verde/cfdna/estudos/cristiano2019_delfi_wgs/healthy/EE88159.hg38.frag.tsv.bgz|850997686|22429406
OK|/mnt/verde/cfdna/estudos/cristiano2019_delfi_wgs/pancreatic_cancer/EE88309.hg38.frag.tsv.bgz|176050671|4004515
OK|/mnt/verde/cfdna/estudos/cristiano2019_delfi_wgs/pancreatic_cancer/EE88311.hg38.frag.tsv.bgz|236419962|5508977
OK|/mnt/verde/cfdna/estudos/cristiano2019_delfi_wgs/pancreatic_cancer/EE88319.hg38.frag.tsv.bgz|247445506|5579996
OK|/mnt/verde/cfdna/estudos/cristiano2019_delfi_wgs/pancreatic_cancer/EE88321.hg38.frag.tsv.bgz|315893981|7616870
OK|/mnt/verde/cfdna/estudos/cristiano2019_delfi_wgs/pancreatic_cancer/EE88313.hg38.frag.tsv.bgz|239641793|5689015
OK|/mnt/verde/cfdna/estudos/cristiano2019_delfi_wgs/pancreatic_cancer/EE88320.hg38.frag.tsv.bgz|240842852|5595052
OK|/mnt/verde/cfdna/estudos/cristiano2019_delfi_wgs/pancreatic_cancer/EE88322.hg38.frag.tsv.bgz|338376441|8159943
OK|/mnt/verde/cfdna/estudos/cristiano2019_delfi_wgs/pancreatic_cancer/EE88304.hg38.frag.tsv.bgz|247939260|6748321
OK|/mnt/verde/cfdna/estudos/cristiano2019_delfi_wgs/pancreatic_cancer/EE88323.hg38.frag.tsv.bgz|323633171|8449378
OK|/mnt/verde/cfdna/estudos/cristiano2019_delfi_wgs/pancreatic_cancer/EE88312.hg38.frag.tsv.bgz|417170648|9983871
OK|/mnt/verde/cfdna/estudos/cristiano2019_delfi_wgs/pancreatic_cancer/EE88294.hg38.frag.tsv.bgz|222201323|7238152
OK|/mnt/verde/cfdna/estudos/cristiano2019_delfi_wgs/pancreatic_cancer/EE88314.hg38.frag.tsv.bgz|225228707|5202453
OK|/mnt/verde/cfdna/estudos/cristiano2019_delfi_wgs/pancreatic_cancer/EE88324.hg38.frag.tsv.bgz|257741521|6162269
OK|/mnt/verde/cfdna/estudos/cristiano2019_delfi_wgs/pancreatic_cancer/EE88307.hg38.frag.tsv.bgz|214330173|6139688
OK|/mnt/verde/cfdna/estudos/cristiano2019_delfi_wgs/pancreatic_cancer/EE88303.hg38.frag.tsv.bgz|308319336|7424805
OK|/mnt/verde/cfdna/estudos/cristiano2019_delfi_wgs/pancreatic_cancer/EE88301.hg38.frag.tsv.bgz|376564993|10659871
OK|/mnt/verde/cfdna/estudos/cristiano2019_delfi_wgs/pancreatic_cancer/EE88306.hg38.frag.tsv.bgz|132556152|3982174
OK|/mnt/verde/cfdna/estudos/cristiano2019_delfi_wgs/pancreatic_cancer/EE88297.hg38.frag.tsv.bgz|256717129|6536087
OK|/mnt/verde/cfdna/estudos/cristiano2019_delfi_wgs/pancreatic_cancer/EE88298.hg38.frag.tsv.bgz|260966064|6403047
OK|/mnt/verde/cfdna/estudos/cristiano2019_delfi_wgs/pancreatic_cancer/EE88293.hg38.frag.tsv.bgz|300027695|7140934
OK|/mnt/verde/cfdna/estudos/cristiano2019_delfi_wgs/pancreatic_cancer/EE88292.hg38.frag.tsv.bgz|252841810|6233060
OK|/mnt/verde/cfdna/estudos/cristiano2019_delfi_wgs/pancreatic_cancer/EE88315.hg38.frag.tsv.bgz|222860943|5185542
OK|/mnt/verde/cfdna/estudos/cristiano2019_delfi_wgs/pancreatic_cancer/EE88305.hg38.frag.tsv.bgz|180806046|4578305
OK|/mnt/verde/cfdna/estudos/cristiano2019_delfi_wgs/pancreatic_cancer/EE88296.hg38.frag.tsv.bgz|279732231|6663958
OK|/mnt/verde/cfdna/estudos/cristiano2019_delfi_wgs/pancreatic_cancer/EE88295.hg38.frag.tsv.bgz|289016401|7376536
OK|/mnt/verde/cfdna/estudos/cristiano2019_delfi_wgs/pancreatic_cancer/EE88290.hg38.frag.tsv.bgz|385011831|9914957
OK|/mnt/verde/cfdna/estudos/cristiano2019_delfi_wgs/pancreatic_cancer/EE88302.hg38.frag.tsv.bgz|251104721|6716745
OK|/mnt/verde/cfdna/estudos/cristiano2019_delfi_wgs/pancreatic_cancer/EE88318.hg38.frag.tsv.bgz|328254416|8216608
OK|/mnt/verde/cfdna/estudos/cristiano2019_delfi_wgs/pancreatic_cancer/EE88291.hg38.frag.tsv.bgz|260391918|6949921
OK|/mnt/verde/cfdna/estudos/cristiano2019_delfi_wgs/pancreatic_cancer/EE88299.hg38.frag.tsv.bgz|218195586|5364180
OK|/mnt/verde/cfdna/estudos/cristiano2019_delfi_wgs/pancreatic_cancer/EE88308.hg38.frag.tsv.bgz|232459937|5655866
OK|/mnt/verde/cfdna/estudos/cristiano2019_delfi_wgs/pancreatic_cancer/EE88316.hg38.frag.tsv.bgz|210205596|5028788
OK|/mnt/verde/cfdna/estudos/cristiano2019_delfi_wgs/pancreatic_cancer/EE88300.hg38.frag.tsv.bgz|189890594|4733339
OK|/mnt/verde/cfdna/estudos/cristiano2019_delfi_wgs/pancreatic_cancer/EE88310.hg38.frag.tsv.bgz|279859600|6917700
OK|/mnt/verde/cfdna/estudos/cristiano2019_delfi_wgs/pancreatic_cancer/EE88317.hg38.frag.tsv.bgz|284565062|7443865
OK|/mnt/verde/cfdna/estudos/cristiano2019_delfi_wgs/gastric_cancer/EE87894.hg38.frag.tsv.bgz|278385490|6904200
OK|/mnt/verde/cfdna/estudos/cristiano2019_delfi_wgs/gastric_cancer/EE87911.hg38.frag.tsv.bgz|254274731|5740422
OK|/mnt/verde/cfdna/estudos/cristiano2019_delfi_wgs/gastric_cancer/EE87918.hg38.frag.tsv.bgz|318233362|7825140
OK|/mnt/verde/cfdna/estudos/cristiano2019_delfi_wgs/gastric_cancer/EE87904.hg38.frag.tsv.bgz|291931152|6184041
OK|/mnt/verde/cfdna/estudos/cristiano2019_delfi_wgs/gastric_cancer/EE87916.hg38.frag.tsv.bgz|265763795|6636129
OK|/mnt/verde/cfdna/estudos/cristiano2019_delfi_wgs/gastric_cancer/EE87914.hg38.frag.tsv.bgz|264579465|6092756
OK|/mnt/verde/cfdna/estudos/cristiano2019_delfi_wgs/gastric_cancer/EE87913.hg38.frag.tsv.bgz|284398532|6496211
OK|/mnt/verde/cfdna/estudos/cristiano2019_delfi_wgs/gastric_cancer/EE87893.hg38.frag.tsv.bgz|210228900|4703782
OK|/mnt/verde/cfdna/estudos/cristiano2019_delfi_wgs/gastric_cancer/EE87898.hg38.frag.tsv.bgz|180153919|4121207
OK|/mnt/verde/cfdna/estudos/cristiano2019_delfi_wgs/gastric_cancer/EE87912.hg38.frag.tsv.bgz|274501379|5977381
OK|/mnt/verde/cfdna/estudos/cristiano2019_delfi_wgs/gastric_cancer/EE87897.hg38.frag.tsv.bgz|284780297|6677691
OK|/mnt/verde/cfdna/estudos/cristiano2019_delfi_wgs/gastric_cancer/EE87909.hg38.frag.tsv.bgz|327687519|7508938
OK|/mnt/verde/cfdna/estudos/cristiano2019_delfi_wgs/gastric_cancer/EE87896.hg38.frag.tsv.bgz|218709552|4977198
OK|/mnt/verde/cfdna/estudos/cristiano2019_delfi_wgs/gastric_cancer/EE87901.hg38.frag.tsv.bgz|236715757|5626214
OK|/mnt/verde/cfdna/estudos/cristiano2019_delfi_wgs/gastric_cancer/EE87910.hg38.frag.tsv.bgz|292922518|6327003
OK|/mnt/verde/cfdna/estudos/cristiano2019_delfi_wgs/gastric_cancer/EE87902.hg38.frag.tsv.bgz|219744749|4766898
OK|/mnt/verde/cfdna/estudos/cristiano2019_delfi_wgs/gastric_cancer/EE87915.hg38.frag.tsv.bgz|275661697|6763232
OK|/mnt/verde/cfdna/estudos/cristiano2019_delfi_wgs/gastric_cancer/EE87899.hg38.frag.tsv.bgz|265170907|5845268
OK|/mnt/verde/cfdna/estudos/cristiano2019_delfi_wgs/gastric_cancer/EE87900.hg38.frag.tsv.bgz|398403645|10454125
OK|/mnt/verde/cfdna/estudos/cristiano2019_delfi_wgs/gastric_cancer/EE87895.hg38.frag.tsv.bgz|282236504|6521926
OK|/mnt/verde/cfdna/estudos/cristiano2019_delfi_wgs/gastric_cancer/EE87917.hg38.frag.tsv.bgz|238218510|6538958
OK|/mnt/verde/cfdna/estudos/cristiano2019_delfi_wgs/gastric_cancer/EE87908.hg38.frag.tsv.bgz|258536702|5430255
OK|/mnt/verde/cfdna/estudos/cristiano2019_delfi_wgs/gastric_cancer/EE87919.hg38.frag.tsv.bgz|263705399|5786210
OK|/mnt/verde/cfdna/estudos/cristiano2019_delfi_wgs/gastric_cancer/EE87907.hg38.frag.tsv.bgz|283771361|6335608
OK|/mnt/verde/cfdna/estudos/cristiano2019_delfi_wgs/gastric_cancer/EE87903.hg38.frag.tsv.bgz|269046182|6069597
OK|/mnt/verde/cfdna/estudos/cristiano2019_delfi_wgs/gastric_cancer/EE87905.hg38.frag.tsv.bgz|261033349|5893953
OK|/mnt/verde/cfdna/estudos/cristiano2019_delfi_wgs/gastric_cancer/EE87906.hg38.frag.tsv.bgz|256320074|5698668
OK|/mnt/verde/cfdna/estudos/cristiano2019_delfi_wgs/colorectal_cancer/EE87867.hg38.frag.tsv.bgz|254904899|6286992
OK|/mnt/verde/cfdna/estudos/cristiano2019_delfi_wgs/colorectal_cancer/EE87887.hg38.frag.tsv.bgz|308463684|7229984
OK|/mnt/verde/cfdna/estudos/cristiano2019_delfi_wgs/colorectal_cancer/EE87875.hg38.frag.tsv.bgz|224631997|5833518
OK|/mnt/verde/cfdna/estudos/cristiano2019_delfi_wgs/colorectal_cancer/EE87877.hg38.frag.tsv.bgz|246257598|6558648
OK|/mnt/verde/cfdna/estudos/cristiano2019_delfi_wgs/colorectal_cancer/EE87872.hg38.frag.tsv.bgz|220565729|5866944
OK|/mnt/verde/cfdna/estudos/cristiano2019_delfi_wgs/colorectal_cancer/EE87884.hg38.frag.tsv.bgz|326554672|9416386
OK|/mnt/verde/cfdna/estudos/cristiano2019_delfi_wgs/colorectal_cancer/EE87880.hg38.frag.tsv.bgz|156527907|4561396
OK|/mnt/verde/cfdna/estudos/cristiano2019_delfi_wgs/colorectal_cancer/EE87868.hg38.frag.tsv.bgz|233302336|6693715
OK|/mnt/verde/cfdna/estudos/cristiano2019_delfi_wgs/colorectal_cancer/EE87866.hg38.frag.tsv.bgz|196223947|5531263
OK|/mnt/verde/cfdna/estudos/cristiano2019_delfi_wgs/colorectal_cancer/EE87865.hg38.frag.tsv.bgz|209932695|5669764
OK|/mnt/verde/cfdna/estudos/cristiano2019_delfi_wgs/colorectal_cancer/EE87882.hg38.frag.tsv.bgz|184104719|5429897
OK|/mnt/verde/cfdna/estudos/cristiano2019_delfi_wgs/colorectal_cancer/EE87873.hg38.frag.tsv.bgz|355997253|10281242
OK|/mnt/verde/cfdna/estudos/cristiano2019_delfi_wgs/colorectal_cancer/EE87876.hg38.frag.tsv.bgz|256006926|6278970
OK|/mnt/verde/cfdna/estudos/cristiano2019_delfi_wgs/colorectal_cancer/EE87870.hg38.frag.tsv.bgz|331989152|9159361
OK|/mnt/verde/cfdna/estudos/cristiano2019_delfi_wgs/colorectal_cancer/EE87881.hg38.frag.tsv.bgz|197668970|5931281
OK|/mnt/verde/cfdna/estudos/cristiano2019_delfi_wgs/colorectal_cancer/EE87886.hg38.frag.tsv.bgz|252571152|6243179
OK|/mnt/verde/cfdna/estudos/cristiano2019_delfi_wgs/colorectal_cancer/EE87871.hg38.frag.tsv.bgz|295730949|7263968
OK|/mnt/verde/cfdna/estudos/cristiano2019_delfi_wgs/colorectal_cancer/EE87878.hg38.frag.tsv.bgz|267117726|6538854
OK|/mnt/verde/cfdna/estudos/cristiano2019_delfi_wgs/colorectal_cancer/EE87889.hg38.frag.tsv.bgz|400111612|9926205
OK|/mnt/verde/cfdna/estudos/cristiano2019_delfi_wgs/colorectal_cancer/EE87879.hg38.frag.tsv.bgz|215704644|5281546
OK|/mnt/verde/cfdna/estudos/cristiano2019_delfi_wgs/colorectal_cancer/EE87869.hg38.frag.tsv.bgz|303266362|7254146
OK|/mnt/verde/cfdna/estudos/cristiano2019_delfi_wgs/colorectal_cancer/EE87883.hg38.frag.tsv.bgz|198112863|5852601
OK|/mnt/verde/cfdna/estudos/cristiano2019_delfi_wgs/colorectal_cancer/EE87888.hg38.frag.tsv.bgz|312581100|8594332
OK|/mnt/verde/cfdna/estudos/cristiano2019_delfi_wgs/colorectal_cancer/EE87885.hg38.frag.tsv.bgz|180563137|5104732
OK|/mnt/verde/cfdna/estudos/cristiano2019_delfi_wgs/colorectal_cancer/EE87890.hg38.frag.tsv.bgz|326910070|8913334
OK|/mnt/verde/cfdna/estudos/cristiano2019_delfi_wgs/colorectal_cancer/EE87891.hg38.frag.tsv.bgz|346407671|9191377
OK|/mnt/verde/cfdna/estudos/cristiano2019_delfi_wgs/colorectal_cancer/EE87874.hg38.frag.tsv.bgz|10079629|299410
OK|/mnt/verde/cfdna/estudos/cristiano2019_delfi_wgs/lung_cancer/EE88197.hg38.frag.tsv.bgz|271299002|7266134
OK|/mnt/verde/cfdna/estudos/cristiano2019_delfi_wgs/lung_cancer/EE88198.hg38.frag.tsv.bgz|129551458|3182911
OK|/mnt/verde/cfdna/estudos/cristiano2019_delfi_wgs/lung_cancer/EE88233.hg38.frag.tsv.bgz|265819742|6375477
OK|/mnt/verde/cfdna/estudos/cristiano2019_delfi_wgs/lung_cancer/EE88258.hg38.frag.tsv.bgz|248082420|6016541
OK|/mnt/verde/cfdna/estudos/cristiano2019_delfi_wgs/lung_cancer/EE88203.hg38.frag.tsv.bgz|122553104|2744169
OK|/mnt/verde/cfdna/estudos/cristiano2019_delfi_wgs/lung_cancer/EE88227.hg38.frag.tsv.bgz|267156615|6179191
OK|/mnt/verde/cfdna/estudos/cristiano2019_delfi_wgs/lung_cancer/EE88243.hg38.frag.tsv.bgz|251320162|5850788
OK|/mnt/verde/cfdna/estudos/cristiano2019_delfi_wgs/lung_cancer/EE88249.hg38.frag.tsv.bgz|258874794|6173913
OK|/mnt/verde/cfdna/estudos/cristiano2019_delfi_wgs/lung_cancer/EE88226.hg38.frag.tsv.bgz|251511524|5858281
OK|/mnt/verde/cfdna/estudos/cristiano2019_delfi_wgs/lung_cancer/EE88213.hg38.frag.tsv.bgz|292278238|7113973
OK|/mnt/verde/cfdna/estudos/cristiano2019_delfi_wgs/lung_cancer/EE88190.hg38.frag.tsv.bgz|222648189|5456200
OK|/mnt/verde/cfdna/estudos/cristiano2019_delfi_wgs/lung_cancer/EE88183.hg38.frag.tsv.bgz|263110356|6070694
OK|/mnt/verde/cfdna/estudos/cristiano2019_delfi_wgs/lung_cancer/EE88196.hg38.frag.tsv.bgz|285538977|7312645
OK|/mnt/verde/cfdna/estudos/cristiano2019_delfi_wgs/lung_cancer/EE88204.hg38.frag.tsv.bgz|130716077|2927535
OK|/mnt/verde/cfdna/estudos/cristiano2019_delfi_wgs/lung_cancer/EE88221.hg38.frag.tsv.bgz|327794078|7835521
OK|/mnt/verde/cfdna/estudos/cristiano2019_delfi_wgs/lung_cancer/EE88207.hg38.frag.tsv.bgz|136817966|3303364
OK|/mnt/verde/cfdna/estudos/cristiano2019_delfi_wgs/lung_cancer/EE88205.hg38.frag.tsv.bgz|109644831|2427732
OK|/mnt/verde/cfdna/estudos/cristiano2019_delfi_wgs/lung_cancer/EE88216.hg38.frag.tsv.bgz|301944525|7269008
OK|/mnt/verde/cfdna/estudos/cristiano2019_delfi_wgs/lung_cancer/EE88240.hg38.frag.tsv.bgz|247407519|5408453
OK|/mnt/verde/cfdna/estudos/cristiano2019_delfi_wgs/lung_cancer/EE88253.hg38.frag.tsv.bgz|262416503|6467785
OK|/mnt/verde/cfdna/estudos/cristiano2019_delfi_wgs/lung_cancer/EE88201.hg38.frag.tsv.bgz|159858491|3737970
OK|/mnt/verde/cfdna/estudos/cristiano2019_delfi_wgs/lung_cancer/EE88228.hg38.frag.tsv.bgz|278141329|7058546
OK|/mnt/verde/cfdna/estudos/cristiano2019_delfi_wgs/lung_cancer/EE88251.hg38.frag.tsv.bgz|241828853|5488182
OK|/mnt/verde/cfdna/estudos/cristiano2019_delfi_wgs/lung_cancer/EE88191.hg38.frag.tsv.bgz|222814460|5433180
OK|/mnt/verde/cfdna/estudos/cristiano2019_delfi_wgs/lung_cancer/EE88246.hg38.frag.tsv.bgz|261623679|6304104
OK|/mnt/verde/cfdna/estudos/cristiano2019_delfi_wgs/lung_cancer/EE88229.hg38.frag.tsv.bgz|231574496|5515482
OK|/mnt/verde/cfdna/estudos/cristiano2019_delfi_wgs/lung_cancer/EE88261.hg38.frag.tsv.bgz|245275988|6017791
OK|/mnt/verde/cfdna/estudos/cristiano2019_delfi_wgs/lung_cancer/EE88188.hg38.frag.tsv.bgz|220289404|5186634
OK|/mnt/verde/cfdna/estudos/cristiano2019_delfi_wgs/lung_cancer/EE88215.hg38.frag.tsv.bgz|264945506|6506862
OK|/mnt/verde/cfdna/estudos/cristiano2019_delfi_wgs/lung_cancer/EE88257.hg38.frag.tsv.bgz|256796268|6173542
OK|/mnt/verde/cfdna/estudos/cristiano2019_delfi_wgs/lung_cancer/EE88208.hg38.frag.tsv.bgz|320591651|8122147
OK|/mnt/verde/cfdna/estudos/cristiano2019_delfi_wgs/lung_cancer/EE88200.hg38.frag.tsv.bgz|259854919|6445901
OK|/mnt/verde/cfdna/estudos/cristiano2019_delfi_wgs/lung_cancer/EE88248.hg38.frag.tsv.bgz|253073380|5770501
OK|/mnt/verde/cfdna/estudos/cristiano2019_delfi_wgs/lung_cancer/EE88236.hg38.frag.tsv.bgz|260298105|6011611
OK|/mnt/verde/cfdna/estudos/cristiano2019_delfi_wgs/lung_cancer/EE88247.hg38.frag.tsv.bgz|372799915|9404269
OK|/mnt/verde/cfdna/estudos/cristiano2019_delfi_wgs/lung_cancer/EE88235.hg38.frag.tsv.bgz|276003477|6481517
OK|/mnt/verde/cfdna/estudos/cristiano2019_delfi_wgs/lung_cancer/EE88194.hg38.frag.tsv.bgz|102490094|2231810
OK|/mnt/verde/cfdna/estudos/cristiano2019_delfi_wgs/lung_cancer/EE88219.hg38.frag.tsv.bgz|292895418|7763179
OK|/mnt/verde/cfdna/estudos/cristiano2019_delfi_wgs/lung_cancer/EE88239.hg38.frag.tsv.bgz|310326205|7001182
OK|/mnt/verde/cfdna/estudos/cristiano2019_delfi_wgs/lung_cancer/EE88237.hg38.frag.tsv.bgz|242624842|5569198
OK|/mnt/verde/cfdna/estudos/cristiano2019_delfi_wgs/lung_cancer/EE88252.hg38.frag.tsv.bgz|211687868|5049233
OK|/mnt/verde/cfdna/estudos/cristiano2019_delfi_wgs/lung_cancer/EE88195.hg38.frag.tsv.bgz|272803734|7371508
OK|/mnt/verde/cfdna/estudos/cristiano2019_delfi_wgs/lung_cancer/EE88254.hg38.frag.tsv.bgz|206732633|4941030
OK|/mnt/verde/cfdna/estudos/cristiano2019_delfi_wgs/lung_cancer/EE88250.hg38.frag.tsv.bgz|268703292|6288734
OK|/mnt/verde/cfdna/estudos/cristiano2019_delfi_wgs/lung_cancer/EE88211.hg38.frag.tsv.bgz|239573556|5599006
OK|/mnt/verde/cfdna/estudos/cristiano2019_delfi_wgs/lung_cancer/EE88225.hg38.frag.tsv.bgz|261835760|6222573
OK|/mnt/verde/cfdna/estudos/cristiano2019_delfi_wgs/lung_cancer/EE88259.hg38.frag.tsv.bgz|193396817|4681949
OK|/mnt/verde/cfdna/estudos/cristiano2019_delfi_wgs/lung_cancer/EE88185.hg38.frag.tsv.bgz|280695471|6391776
OK|/mnt/verde/cfdna/estudos/cristiano2019_delfi_wgs/lung_cancer/EE88209.hg38.frag.tsv.bgz|99221480|2281155
OK|/mnt/verde/cfdna/estudos/cristiano2019_delfi_wgs/lung_cancer/EE88231.hg38.frag.tsv.bgz|246928695|6111194
OK|/mnt/verde/cfdna/estudos/cristiano2019_delfi_wgs/lung_cancer/EE88217.hg38.frag.tsv.bgz|281939993|7687928
OK|/mnt/verde/cfdna/estudos/cristiano2019_delfi_wgs/lung_cancer/EE88202.hg38.frag.tsv.bgz|256558453|5766914
OK|/mnt/verde/cfdna/estudos/cristiano2019_delfi_wgs/lung_cancer/EE88241.hg38.frag.tsv.bgz|245444821|5546512
OK|/mnt/verde/cfdna/estudos/cristiano2019_delfi_wgs/lung_cancer/EE88230.hg38.frag.tsv.bgz|236858622|5657607
OK|/mnt/verde/cfdna/estudos/cristiano2019_delfi_wgs/lung_cancer/EE88260.hg38.frag.tsv.bgz|227285178|5281582
OK|/mnt/verde/cfdna/estudos/cristiano2019_delfi_wgs/lung_cancer/EE88242.hg38.frag.tsv.bgz|266834602|6043252
OK|/mnt/verde/cfdna/estudos/cristiano2019_delfi_wgs/lung_cancer/EE88256.hg38.frag.tsv.bgz|281800257|6445809
OK|/mnt/verde/cfdna/estudos/cristiano2019_delfi_wgs/lung_cancer/EE88255.hg38.frag.tsv.bgz|277760374|7285532
OK|/mnt/verde/cfdna/estudos/cristiano2019_delfi_wgs/lung_cancer/EE88245.hg38.frag.tsv.bgz|242798088|5703592
OK|/mnt/verde/cfdna/estudos/cristiano2019_delfi_wgs/lung_cancer/EE88232.hg38.frag.tsv.bgz|277913183|6673005
OK|/mnt/verde/cfdna/estudos/cristiano2019_delfi_wgs/lung_cancer/EE88244.hg38.frag.tsv.bgz|245416469|5777233
OK|/mnt/verde/cfdna/estudos/cristiano2019_delfi_wgs/lung_cancer/EE88206.hg38.frag.tsv.bgz|88521143|2055301
OK|/mnt/verde/cfdna/estudos/cristiano2019_delfi_wgs/lung_cancer/EE88187.hg38.frag.tsv.bgz|224638055|5499520
OK|/mnt/verde/cfdna/estudos/cristiano2019_delfi_wgs/lung_cancer/EE88210.hg38.frag.tsv.bgz|325745206|7873472
OK|/mnt/verde/cfdna/estudos/cristiano2019_delfi_wgs/lung_cancer/EE88186.hg38.frag.tsv.bgz|269618132|6252408
OK|/mnt/verde/cfdna/estudos/cristiano2019_delfi_wgs/lung_cancer/EE88189.hg38.frag.tsv.bgz|238258267|5751450
OK|/mnt/verde/cfdna/estudos/cristiano2019_delfi_wgs/lung_cancer/EE88212.hg38.frag.tsv.bgz|125421265|3121596
OK|/mnt/verde/cfdna/estudos/cristiano2019_delfi_wgs/lung_cancer/EE88214.hg38.frag.tsv.bgz|269593372|6628188
OK|/mnt/verde/cfdna/estudos/cristiano2019_delfi_wgs/lung_cancer/EE88199.hg38.frag.tsv.bgz|175899595|4280848
OK|/mnt/verde/cfdna/estudos/cristiano2019_delfi_wgs/lung_cancer/EE88234.hg38.frag.tsv.bgz|226919568|5388600
OK|/mnt/verde/cfdna/estudos/cristiano2019_delfi_wgs/lung_cancer/EE88223.hg38.frag.tsv.bgz|291254915|7251099
OK|/mnt/verde/cfdna/estudos/cristiano2019_delfi_wgs/lung_cancer/EE88238.hg38.frag.tsv.bgz|346222852|8050583
OK|/mnt/verde/cfdna/estudos/cristiano2019_delfi_wgs/lung_cancer/EE88222.hg38.frag.tsv.bgz|284115841|6824175
OK|/mnt/verde/cfdna/estudos/cristiano2019_delfi_wgs/lung_cancer/EE88192.hg38.frag.tsv.bgz|396949986|9987191
OK|/mnt/verde/cfdna/estudos/cristiano2019_delfi_wgs/lung_cancer/EE88193.hg38.frag.tsv.bgz|159042150|3921278
OK|/mnt/verde/cfdna/estudos/cristiano2019_delfi_wgs/lung_cancer/EE88218.hg38.frag.tsv.bgz|284700755|7613703
OK|/mnt/verde/cfdna/estudos/cristiano2019_delfi_wgs/lung_cancer/EE88224.hg38.frag.tsv.bgz|290682847|7250862
OK|/mnt/verde/cfdna/estudos/cristiano2019_delfi_wgs/lung_cancer/EE88220.hg38.frag.tsv.bgz|281606506|7150112
OK|/mnt/verde/cfdna/estudos/cristiano2019_delfi_wgs/lung_cancer/EE88184.hg38.frag.tsv.bgz|233957725|5438903
OK|/mnt/verde/cfdna/estudos/sun2019_ocf_wgs/colorectal_cancer/EE85732.hg38.frag.tsv.bgz|224705501|3550215
OK|/mnt/verde/cfdna/estudos/sun2019_ocf_wgs/colorectal_cancer/EE85737.hg38.frag.tsv.bgz|140337330|2296634
OK|/mnt/verde/cfdna/estudos/sun2019_ocf_wgs/colorectal_cancer/EE85749.hg38.frag.tsv.bgz|255929302|4201078
OK|/mnt/verde/cfdna/estudos/sun2019_ocf_wgs/colorectal_cancer/EE85734.hg38.frag.tsv.bgz|94163932|1523173
OK|/mnt/verde/cfdna/estudos/sun2019_ocf_wgs/colorectal_cancer/EE85730.hg38.frag.tsv.bgz|175096165|4420628
OK|/mnt/verde/cfdna/estudos/sun2019_ocf_wgs/colorectal_cancer/EE85741.hg38.frag.tsv.bgz|148651535|2422779
OK|/mnt/verde/cfdna/estudos/sun2019_ocf_wgs/colorectal_cancer/EE85739.hg38.frag.tsv.bgz|54162603|874411
OK|/mnt/verde/cfdna/estudos/sun2019_ocf_wgs/colorectal_cancer/EE85752.hg38.frag.tsv.bgz|127176146|2092993
OK|/mnt/verde/cfdna/estudos/sun2019_ocf_wgs/colorectal_cancer/EE85750.hg38.frag.tsv.bgz|143337652|2325122
OK|/mnt/verde/cfdna/estudos/sun2019_ocf_wgs/colorectal_cancer/EE85727.hg38.frag.tsv.bgz|156643601|2452918
OK|/mnt/verde/cfdna/estudos/sun2019_ocf_wgs/colorectal_cancer/EE85743.hg38.frag.tsv.bgz|111555987|1843106
OK|/mnt/verde/cfdna/estudos/sun2019_ocf_wgs/colorectal_cancer/EE85733.hg38.frag.tsv.bgz|138169534|2160306
OK|/mnt/verde/cfdna/estudos/sun2019_ocf_wgs/colorectal_cancer/EE85724.hg38.frag.tsv.bgz|232982863|3708182
OK|/mnt/verde/cfdna/estudos/sun2019_ocf_wgs/colorectal_cancer/EE85731.hg38.frag.tsv.bgz|180597065|2873251
OK|/mnt/verde/cfdna/estudos/sun2019_ocf_wgs/colorectal_cancer/EE85723.hg38.frag.tsv.bgz|176475860|2797626
OK|/mnt/verde/cfdna/estudos/sun2019_ocf_wgs/colorectal_cancer/EE85726.hg38.frag.tsv.bgz|222428948|3499225
OK|/mnt/verde/cfdna/estudos/sun2019_ocf_wgs/colorectal_cancer/EE85753.hg38.frag.tsv.bgz|97350504|1544125
OK|/mnt/verde/cfdna/estudos/sun2019_ocf_wgs/colorectal_cancer/EE85746.hg38.frag.tsv.bgz|127494988|2021905
OK|/mnt/verde/cfdna/estudos/sun2019_ocf_wgs/liver_transplant/EE85748.hg38.frag.tsv.bgz|165372664|4322409
OK|/mnt/verde/cfdna/estudos/sun2019_ocf_wgs/liver_transplant/EE85736.hg38.frag.tsv.bgz|177906975|4301217
OK|/mnt/verde/cfdna/estudos/sun2019_ocf_wgs/liver_transplant/EE85738.hg38.frag.tsv.bgz|139144778|3342553
OK|/mnt/verde/cfdna/estudos/sun2019_ocf_wgs/liver_transplant/EE85728.hg38.frag.tsv.bgz|177934680|4426136
OK|/mnt/verde/cfdna/estudos/sun2019_ocf_wgs/liver_transplant/EE85725.hg38.frag.tsv.bgz|155742305|3776620
OK|/mnt/verde/cfdna/estudos/sun2019_ocf_wgs/liver_transplant/EE85735.hg38.frag.tsv.bgz|152660090|3829373
OK|/mnt/verde/cfdna/estudos/sun2019_ocf_wgs/liver_transplant/EE85751.hg38.frag.tsv.bgz|137784531|3487568
OK|/mnt/verde/cfdna/estudos/sun2019_ocf_wgs/liver_transplant/EE85740.hg38.frag.tsv.bgz|195126275|4782339
OK|/mnt/verde/cfdna/estudos/sun2019_ocf_wgs/liver_transplant/EE85745.hg38.frag.tsv.bgz|178165184|4134134
OK|/mnt/verde/cfdna/estudos/sun2019_ocf_wgs/liver_transplant/EE85742.hg38.frag.tsv.bgz|133343873|3508760
OK|/mnt/verde/cfdna/estudos/sun2019_ocf_wgs/liver_transplant/EE85744.hg38.frag.tsv.bgz|154575760|3906665
OK|/mnt/verde/cfdna/estudos/sun2019_ocf_wgs/liver_transplant/EE85747.hg38.frag.tsv.bgz|168217204|4312964
OK|/mnt/verde/cfdna/estudos/sun2019_ocf_wgs/liver_transplant/EE85729.hg38.frag.tsv.bgz|126155359|3007751
OK|/mnt/verde/cfdna/estudos/snyder2016_nucleosome_wgs/breast_cancer/EE86267.hg38.frag.tsv.bgz|266467100|6142092
OK|/mnt/verde/cfdna/estudos/snyder2016_nucleosome_wgs/breast_cancer/EE86228.hg38.frag.tsv.bgz|291983591|6113602
OK|/mnt/verde/cfdna/estudos/snyder2016_nucleosome_wgs/breast_cancer/EE86257.hg38.frag.tsv.bgz|1141092851|28658612
OK|/mnt/verde/cfdna/estudos/snyder2016_nucleosome_wgs/breast_cancer/EE86269.hg38.frag.tsv.bgz|241743698|5600301
OK|/mnt/verde/cfdna/estudos/snyder2016_nucleosome_wgs/breast_cancer/EE86235.hg38.frag.tsv.bgz|312415521|6728705
OK|/mnt/verde/cfdna/estudos/snyder2016_nucleosome_wgs/breast_cancer/EE86256.hg38.frag.tsv.bgz|348497319|7489991
OK|/mnt/verde/cfdna/estudos/snyder2016_nucleosome_wgs/ovarian_cancer/EE86232.hg38.frag.tsv.bgz|288954146|6667379
OK|/mnt/verde/cfdna/estudos/snyder2016_nucleosome_wgs/ovarian_cancer/EE86226.hg38.frag.tsv.bgz|320341436|7184020
OK|/mnt/verde/cfdna/estudos/snyder2016_nucleosome_wgs/bladder_cancer/EE86260.hg38.frag.tsv.bgz|226201937|5430831
OK|/mnt/verde/cfdna/estudos/snyder2016_nucleosome_wgs/bladder_cancer/EE86239.hg38.frag.tsv.bgz|332776102|7280521
OK|/mnt/verde/cfdna/estudos/snyder2016_nucleosome_wgs/prostate_cancer/EE86236.hg38.frag.tsv.bgz|367249106|8685323
OK|/mnt/verde/cfdna/estudos/snyder2016_nucleosome_wgs/prostate_cancer/EE86249.hg38.frag.tsv.bgz|394727696|9241330
OK|/mnt/verde/cfdna/estudos/snyder2016_nucleosome_wgs/prostate_cancer/EE86262.hg38.frag.tsv.bgz|246497329|5935583
OK|/mnt/verde/cfdna/estudos/snyder2016_nucleosome_wgs/inflammatory_bowel_disease/EE86220.hg38.frag.tsv.bgz|193988437|4476741
OK|/mnt/verde/cfdna/estudos/snyder2016_nucleosome_wgs/inflammatory_bowel_disease/EE86219.hg38.frag.tsv.bgz|240288930|5039108
OK|/mnt/verde/cfdna/estudos/snyder2016_nucleosome_wgs/inflammatory_bowel_disease/EE86221.hg38.frag.tsv.bgz|247922703|5115679
OK|/mnt/verde/cfdna/estudos/snyder2016_nucleosome_wgs/inflammatory_bowel_disease/EE86218.hg38.frag.tsv.bgz|205223851|4691105
OK|/mnt/verde/cfdna/estudos/snyder2016_nucleosome_wgs/skin_cancer/EE86265.hg38.frag.tsv.bgz|359191901|8024689
OK|/mnt/verde/cfdna/estudos/snyder2016_nucleosome_wgs/skin_cancer/EE86227.hg38.frag.tsv.bgz|342131203|7792178
OK|/mnt/verde/cfdna/estudos/snyder2016_nucleosome_wgs/liver_cancer/EE86246.hg38.frag.tsv.bgz|356941317|7373488
OK|/mnt/verde/cfdna/estudos/snyder2016_nucleosome_wgs/liver_cancer/EE86258.hg38.frag.tsv.bgz|294029617|6942890
OK|/mnt/verde/cfdna/estudos/snyder2016_nucleosome_wgs/liver_cancer/EE86240.hg38.frag.tsv.bgz|4174016259|87612865
OK|/mnt/verde/cfdna/estudos/snyder2016_nucleosome_wgs/uterine_cancer/EE86250.hg38.frag.tsv.bgz|355253348|8075555
OK|/mnt/verde/cfdna/estudos/snyder2016_nucleosome_wgs/uterine_cancer/EE86231.hg38.frag.tsv.bgz|241356371|5358353
OK|/mnt/verde/cfdna/estudos/snyder2016_nucleosome_wgs/healthy/EE86274.hg38.frag.tsv.bgz|4735978487|99741325
OK|/mnt/verde/cfdna/estudos/snyder2016_nucleosome_wgs/healthy/EE86276.hg38.frag.tsv.bgz|238236152|4956903
OK|/mnt/verde/cfdna/estudos/snyder2016_nucleosome_wgs/healthy/EE86217.hg38.frag.tsv.bgz|5309574453|111609955
OK|/mnt/verde/cfdna/estudos/snyder2016_nucleosome_wgs/healthy/EE86275.hg38.frag.tsv.bgz|2570392725|61824264
OK|/mnt/verde/cfdna/estudos/snyder2016_nucleosome_wgs/pancreatic_cancer/EE86271.hg38.frag.tsv.bgz|884765846|20567266
OK|/mnt/verde/cfdna/estudos/snyder2016_nucleosome_wgs/pancreatic_cancer/EE86268.hg38.frag.tsv.bgz|284386989|6561593
OK|/mnt/verde/cfdna/estudos/snyder2016_nucleosome_wgs/pancreatic_cancer/EE86272.hg38.frag.tsv.bgz|849289029|19878867
OK|/mnt/verde/cfdna/estudos/snyder2016_nucleosome_wgs/pancreatic_cancer/EE86273.hg38.frag.tsv.bgz|865258419|20052655
OK|/mnt/verde/cfdna/estudos/snyder2016_nucleosome_wgs/pancreatic_cancer/EE86248.hg38.frag.tsv.bgz|393316666|8913553
OK|/mnt/verde/cfdna/estudos/snyder2016_nucleosome_wgs/pancreatic_cancer/EE86247.hg38.frag.tsv.bgz|355209730|8269515
OK|/mnt/verde/cfdna/estudos/snyder2016_nucleosome_wgs/pancreatic_cancer/EE86244.hg38.frag.tsv.bgz|165761813|3762697
OK|/mnt/verde/cfdna/estudos/snyder2016_nucleosome_wgs/pancreatic_cancer/EE86270.hg38.frag.tsv.bgz|734984343|17845179
OK|/mnt/verde/cfdna/estudos/snyder2016_nucleosome_wgs/kidney_cancer/EE86261.hg38.frag.tsv.bgz|337845434|7351223
OK|/mnt/verde/cfdna/estudos/snyder2016_nucleosome_wgs/kidney_cancer/EE86241.hg38.frag.tsv.bgz|299498345|6571181
OK|/mnt/verde/cfdna/estudos/snyder2016_nucleosome_wgs/colorectal_cancer/EE86259.hg38.frag.tsv.bgz|2036105806|56947320
OK|/mnt/verde/cfdna/estudos/snyder2016_nucleosome_wgs/colorectal_cancer/EE86234.hg38.frag.tsv.bgz|295819461|6673349
OK|/mnt/verde/cfdna/estudos/snyder2016_nucleosome_wgs/colorectal_cancer/EE86255.hg38.frag.tsv.bgz|295965436|6325564
OK|/mnt/verde/cfdna/estudos/snyder2016_nucleosome_wgs/systemic_lupus_erythematosus/EE86225.hg38.frag.tsv.bgz|833845135|20973895
OK|/mnt/verde/cfdna/estudos/snyder2016_nucleosome_wgs/systemic_lupus_erythematosus/EE86223.hg38.frag.tsv.bgz|805658408|20008583
OK|/mnt/verde/cfdna/estudos/snyder2016_nucleosome_wgs/systemic_lupus_erythematosus/EE86222.hg38.frag.tsv.bgz|829072194|21265766
OK|/mnt/verde/cfdna/estudos/snyder2016_nucleosome_wgs/systemic_lupus_erythematosus/EE86224.hg38.frag.tsv.bgz|885217092|21977382
OK|/mnt/verde/cfdna/estudos/snyder2016_nucleosome_wgs/head_and_neck_cancer/EE86252.hg38.frag.tsv.bgz|260926207|5963112
OK|/mnt/verde/cfdna/estudos/snyder2016_nucleosome_wgs/head_and_neck_cancer/EE86237.hg38.frag.tsv.bgz|315351581|7367458
OK|/mnt/verde/cfdna/estudos/snyder2016_nucleosome_wgs/testicular_cancer/EE86263.hg38.frag.tsv.bgz|348262805|8173543
OK|/mnt/verde/cfdna/estudos/snyder2016_nucleosome_wgs/testicular_cancer/EE86242.hg38.frag.tsv.bgz|251340533|5758419
OK|/mnt/verde/cfdna/estudos/snyder2016_nucleosome_wgs/esophageal_cancer/EE86266.hg38.frag.tsv.bgz|317739452|7417731
OK|/mnt/verde/cfdna/estudos/snyder2016_nucleosome_wgs/esophageal_cancer/EE86253.hg38.frag.tsv.bgz|234360978|6179025
OK|/mnt/verde/cfdna/estudos/snyder2016_nucleosome_wgs/lung_cancer/EE86230.hg38.frag.tsv.bgz|309906578|6748001
OK|/mnt/verde/cfdna/estudos/snyder2016_nucleosome_wgs/lung_cancer/EE86251.hg38.frag.tsv.bgz|336134089|7261552
OK|/mnt/verde/cfdna/estudos/snyder2016_nucleosome_wgs/lung_cancer/EE86243.hg38.frag.tsv.bgz|2562594943|54488685
OK|/mnt/verde/cfdna/estudos/snyder2016_nucleosome_wgs/lung_cancer/EE86233.hg38.frag.tsv.bgz|281338201|6298567
OK|/mnt/verde/cfdna/estudos/snyder2016_nucleosome_wgs/lung_cancer/EE86238.hg38.frag.tsv.bgz|3208810176|74877135
OK|/mnt/verde/cfdna/estudos/snyder2016_nucleosome_wgs/lung_cancer/EE86245.hg38.frag.tsv.bgz|311797998|6926932
OK|/mnt/verde/cfdna/estudos/snyder2016_nucleosome_wgs/lung_cancer/EE86254.hg38.frag.tsv.bgz|349250123|7380713
OK|/mnt/verde/cfdna/estudos/snyder2016_nucleosome_wgs/lung_cancer/EE86264.hg38.frag.tsv.bgz|251672439|5457372
OK|/mnt/verde/cfdna/estudos/snyder2016_nucleosome_wgs/lung_cancer/EE86229.hg38.frag.tsv.bgz|193161727|4343119
